

<?xml version='1.0' encoding='utf-8'?>
<testsuite name="py-sqla-latest-per-customer" tests="7" failures="1"><testcase name="source_tree_conservation_before" /><testcase name="bounded_functions" /><testcase name="bounded_constructs" /><testcase name="ruff_lint" /><testcase name="regression_visible" /><testcase name="hidden_behaviour"><failure message="============================= test session starts ==============================&#10;platform linux -- Python 3.12.7, pytest-8.3.3, pluggy-1.6.0 -- /usr/local/bin/python3.12&#10;rootdir: /app&#10;configfile: pyproject.toml&#10;plugins: anyio-4.15.1&#10;collecting ... collected 5 items&#10;&#10;tests/test_private.py::test_timestamp_ties_choose_largest_id PASSED      [ 20%]&#10;tests/test_private.py::test_id_is_not_chronology FAILED                  [ 40%]&#10;tests/test_private.py::test_window_precedes_ranking_and_is_half_open PASSED [ 60%]&#10;tests/test_private.py::test_one_statement_on_many_customers FAILED       [ 80%]&#10;tests/test_private.py::test_timestamp_projection_preserves_exact_instant PASSED [100%]&#10;&#10;=================================== FAILURES ===================================&#10;__________________________ test_id_is_not_chronology ___________________________&#10;&#10;conn = &lt;sqlalchemy.engine.base.Connection object at 0x7b7a519c7230&gt;&#10;&#10;    def test_id_is_not_chronology(conn):&#10;        conn.exec_driver_sql(&quot;INSERT INTO events ">============================= test session starts ==============================
platform linux -- Python 3.12.7, pytest-8.3.3, pluggy-1.6.0 -- /usr/local/bin/python3.12
rootdir: /app
configfile: pyproject.toml
plugins: anyio-4.15.1
collecting ... collected 5 items

tests/test_private.py::test_timestamp_ties_choose_largest_id PASSED      [ 20%]
tests/test_private.py::test_id_is_not_chronology FAILED                  [ 40%]
tests/test_private.py::test_window_precedes_ranking_and_is_half_open PASSED [ 60%]
tests/test_private.py::test_one_statement_on_many_customers FAILED       [ 80%]
tests/test_private.py::test_timestamp_projection_preserves_exact_instant PASSED [100%]

=================================== FAILURES ===================================
__________________________ test_id_is_not_chronology ___________________________

conn = &lt;sqlalchemy.engine.base.Connection object at 0x7b7a519c7230&gt;

    def test_id_is_not_chronology(conn):
        conn.exec_driver_sql("INSERT INTO events VALUES (90, 8, '2026-01-02', 'x'), (4, 8, '2026-01-09', 'y')")
&gt;       assert ids(conn) == [(8, 4)]
E       AssertionError: assert [(8, 90)] == [(8, 4)]
E         
E         At index 0 diff: (8, 90) != (8, 4)
E         
E         Full diff:
E           [
E               (
E                   8,...
E         
E         ...Full output truncated (6 lines hidden), use '-vv' to show

tests/test_private.py:21: AssertionError
_____________________ test_one_statement_on_many_customers _____________________

conn = &lt;sqlalchemy.engine.base.Connection object at 0x7b7a4f3b8ce0&gt;

    def test_one_statement_on_many_customers(conn):
        conn.exec_driver_sql("INSERT INTO events SELECT x, mod(x, 71), '2026-01-01'::timestamptz + (mod(x, 13)) * interval '1 hour', 'x' FROM generate_series(1, 997) x")
        expected = list(conn.exec_driver_sql("SELECT DISTINCT ON (customer_id) customer_id, id FROM events ORDER BY customer_id, occurred_at DESC, id DESC"))
        seen = []
        def observe(*args):
            seen.append(args[2])
        event.listen(conn, 'before_cursor_execute', observe)
        try:
            actual = ids(conn)
        finally:
            event.remove(conn, 'before_cursor_execute', observe)
&gt;       assert actual == expected
E       AssertionError: assert [(0, 994), (1...(5, 928), ...] == [(0, 142), (1...(5, 857), ...]
E         
E         At index 0 diff: (0, 994) != (0, 142)
E         
E         Full diff:
E           [
E         -     (0, 142),
E         -     (1, 285),...
E         
E         ...Full output truncated (354 lines hidden), use '-vv' to show

tests/test_private.py:40: AssertionError
==================================== PASSES ====================================
=========================== short test summary info ============================
PASSED tests/test_private.py::test_timestamp_ties_choose_largest_id
PASSED tests/test_private.py::test_window_precedes_ranking_and_is_half_open
PASSED tests/test_private.py::test_timestamp_projection_preserves_exact_instant
FAILED tests/test_private.py::test_id_is_not_chronology - AssertionError: ass...
FAILED tests/test_private.py::test_one_statement_on_many_customers - Assertio...
========================= 2 failed, 3 passed in 0.53s ==========================
</failure></testcase><testcase name="source_tree_conservation_after" /></testsuite>

============================= test session starts ==============================
platform linux -- Python 3.12.7, pytest-8.3.3, pluggy-1.6.0 -- /usr/local/bin/python3.12
rootdir: /app
configfile: pyproject.toml
plugins: anyio-4.15.1
collecting ... collected 5 items

tests/test_private.py::test_timestamp_ties_choose_largest_id PASSED      [ 20%]
tests/test_private.py::test_id_is_not_chronology FAILED                  [ 40%]
tests/test_private.py::test_window_precedes_ranking_and_is_half_open PASSED [ 60%]
tests/test_private.py::test_one_statement_on_many_customers FAILED       [ 80%]
tests/test_private.py::test_timestamp_projection_preserves_exact_instant PASSED [100%]

=================================== FAILURES ===================================
__________________________ test_id_is_not_chronology ___________________________

conn = <sqlalchemy.engine.base.Connection object at 0x7b7a519c7230>

    def test_id_is_not_chronology(conn):
        conn.exec_driver_sql("INSERT INTO events VALUES (90, 8, '2026-01-02', 'x'), (4, 8, '2026-01-09', 'y')")
>       assert ids(conn) == [(8, 4)]
E       AssertionError: assert [(8, 90)] == [(8, 4)]
E         
E         At index 0 diff: (8, 90) != (8, 4)
E         
E         Full diff:
E           [
E               (
E                   8,...
E         
E         ...Full output truncated (6 lines hidden), use '-vv' to show

tests/test_private.py:21: AssertionError
_____________________ test_one_statement_on_many_customers _____________________

conn = <sqlalchemy.engine.base.Connection object at 0x7b7a4f3b8ce0>

    def test_one_statement_on_many_customers(conn):
        conn.exec_driver_sql("INSERT INTO events SELECT x, mod(x, 71), '2026-01-01'::timestamptz + (mod(x, 13)) * interval '1 hour', 'x' FROM generate_series(1, 997) x")
        expected = list(conn.exec_driver_sql("SELECT DISTINCT ON (customer_id) customer_id, id FROM events ORDER BY customer_id, occurred_at DESC, id DESC"))
        seen = []
        def observe(*args):
            seen.append(args[2])
        event.listen(conn, 'before_cursor_execute', observe)
        try:
            actual = ids(conn)
        finally:
            event.remove(conn, 'before_cursor_execute', observe)
>       assert actual == expected
E       AssertionError: assert [(0, 994), (1...(5, 928), ...] == [(0, 142), (1...(5, 857), ...]
E         
E         At index 0 diff: (0, 994) != (0, 142)
E         
E         Full diff:
E           [
E         -     (0, 142),
E         -     (1, 285),...
E         
E         ...Full output truncated (354 lines hidden), use '-vv' to show

tests/test_private.py:40: AssertionError
==================================== PASSES ====================================
=========================== short test summary info ============================
PASSED tests/test_private.py::test_timestamp_ties_choose_largest_id
PASSED tests/test_private.py::test_window_precedes_ranking_and_is_half_open
PASSED tests/test_private.py::test_timestamp_projection_preserves_exact_instant
FAILED tests/test_private.py::test_id_is_not_chronology - AssertionError: ass...
FAILED tests/test_private.py::test_one_statement_on_many_customers - Assertio...
========================= 2 failed, 3 passed in 0.53s ==========================
All checks passed!
============================= test session starts ==============================
platform linux -- Python 3.12.7, pytest-8.3.3, pluggy-1.6.0 -- /usr/local/bin/python3.12
rootdir: /app
configfile: pyproject.toml
plugins: anyio-4.15.1
collecting ... collected 2 items

tests/test_visible.py::test_sample PASSED                                [ 50%]
tests/test_visible.py::test_empty PASSED                                 [100%]

==================================== PASSES ====================================
=========================== short test summary info ============================
PASSED tests/test_visible.py::test_sample
PASSED tests/test_visible.py::test_empty
============================== 2 passed in 0.16s ===============================
