

<?xml version='1.0' encoding='utf-8'?>
<testsuite name="py-sqla-latest-per-customer" tests="7" failures="1"><testcase name="source_tree_conservation_before" /><testcase name="bounded_functions" /><testcase name="bounded_constructs" /><testcase name="ruff_lint" /><testcase name="regression_visible" /><testcase name="hidden_behaviour"><failure message="============================= test session starts ==============================&#10;platform linux -- Python 3.12.7, pytest-8.3.3, pluggy-1.6.0 -- /usr/local/bin/python3.12&#10;rootdir: /app&#10;configfile: pyproject.toml&#10;plugins: anyio-4.15.1&#10;collecting ... collected 5 items&#10;&#10;tests/test_private.py::test_timestamp_ties_choose_largest_id PASSED      [ 20%]&#10;tests/test_private.py::test_id_is_not_chronology PASSED                  [ 40%]&#10;tests/test_private.py::test_window_precedes_ranking_and_is_half_open PASSED [ 60%]&#10;tests/test_private.py::test_one_statement_on_many_customers PASSED       [ 80%]&#10;tests/test_private.py::test_timestamp_projection_preserves_exact_instant FAILED [100%]&#10;&#10;=================================== FAILURES ===================================&#10;______________ test_timestamp_projection_preserves_exact_instant _______________&#10;&#10;conn = &lt;sqlalchemy.engine.base.Connection object at 0x7799ee7d91c0&gt;&#10;&#10;    def test_timestamp_projection_preserves_exact_instant(conn):&#10;        conn.exec_driver_">============================= test session starts ==============================
platform linux -- Python 3.12.7, pytest-8.3.3, pluggy-1.6.0 -- /usr/local/bin/python3.12
rootdir: /app
configfile: pyproject.toml
plugins: anyio-4.15.1
collecting ... collected 5 items

tests/test_private.py::test_timestamp_ties_choose_largest_id PASSED      [ 20%]
tests/test_private.py::test_id_is_not_chronology PASSED                  [ 40%]
tests/test_private.py::test_window_precedes_ranking_and_is_half_open PASSED [ 60%]
tests/test_private.py::test_one_statement_on_many_customers PASSED       [ 80%]
tests/test_private.py::test_timestamp_projection_preserves_exact_instant FAILED [100%]

=================================== FAILURES ===================================
______________ test_timestamp_projection_preserves_exact_instant _______________

conn = &lt;sqlalchemy.engine.base.Connection object at 0x7799ee7d91c0&gt;

    def test_timestamp_projection_preserves_exact_instant(conn):
        conn.exec_driver_sql("INSERT INTO events VALUES (1, 3, '2026-01-08 23:42:17.123456-05:00', 'new'), (2, 3, '2026-01-09 04:42:17.123456+00', 'closed'), (3, 4, '2026-01-11 15:06:07.654321+05:45', 'new')")
&gt;       assert list(latest_per_customer(conn, START, END)) == [
            (3, 2, datetime(2026, 1, 9, 4, 42, 17, 123456, tzinfo=timezone.utc)),
            (4, 3, datetime(2026, 1, 11, 9, 21, 7, 654321, tzinfo=timezone.utc)),
        ]
E       AssertionError: assert [(3, 2, datet...='Etc/UTC')))] == [(3, 2, datet...imezone.utc))]
E         
E         At index 0 diff: (3, 2, datetime.datetime(2026, 1, 9, 0, 0, tzinfo=zoneinfo.ZoneInfo(key='Etc/UTC'))) != (3, 2, datetime.datetime(2026, 1, 9, 4, 42, 17, 123456, tzinfo=datetime.timezone.utc))
E         
E         Full diff:
E           [
E         +     (3, 2, datetime.datetime(2026, 1, 9, 0, 0, tzinfo=zoneinfo.ZoneInfo(key='Etc/UTC'))),
E         +     (4, 3, datetime.datetime(2026, 1, 11, 0, 0, tzinfo=zoneinfo.ZoneInfo(key='Etc/UTC'))),...
E         
E         ...Full output truncated (11 lines hidden), use '-vv' to show

tests/test_private.py:46: AssertionError
==================================== PASSES ====================================
=========================== short test summary info ============================
PASSED tests/test_private.py::test_timestamp_ties_choose_largest_id
PASSED tests/test_private.py::test_id_is_not_chronology
PASSED tests/test_private.py::test_window_precedes_ranking_and_is_half_open
PASSED tests/test_private.py::test_one_statement_on_many_customers
FAILED tests/test_private.py::test_timestamp_projection_preserves_exact_instant
========================= 1 failed, 4 passed in 0.34s ==========================
</failure></testcase><testcase name="source_tree_conservation_after" /></testsuite>

============================= test session starts ==============================
platform linux -- Python 3.12.7, pytest-8.3.3, pluggy-1.6.0 -- /usr/local/bin/python3.12
rootdir: /app
configfile: pyproject.toml
plugins: anyio-4.15.1
collecting ... collected 5 items

tests/test_private.py::test_timestamp_ties_choose_largest_id PASSED      [ 20%]
tests/test_private.py::test_id_is_not_chronology PASSED                  [ 40%]
tests/test_private.py::test_window_precedes_ranking_and_is_half_open PASSED [ 60%]
tests/test_private.py::test_one_statement_on_many_customers PASSED       [ 80%]
tests/test_private.py::test_timestamp_projection_preserves_exact_instant FAILED [100%]

=================================== FAILURES ===================================
______________ test_timestamp_projection_preserves_exact_instant _______________

conn = <sqlalchemy.engine.base.Connection object at 0x7799ee7d91c0>

    def test_timestamp_projection_preserves_exact_instant(conn):
        conn.exec_driver_sql("INSERT INTO events VALUES (1, 3, '2026-01-08 23:42:17.123456-05:00', 'new'), (2, 3, '2026-01-09 04:42:17.123456+00', 'closed'), (3, 4, '2026-01-11 15:06:07.654321+05:45', 'new')")
>       assert list(latest_per_customer(conn, START, END)) == [
            (3, 2, datetime(2026, 1, 9, 4, 42, 17, 123456, tzinfo=timezone.utc)),
            (4, 3, datetime(2026, 1, 11, 9, 21, 7, 654321, tzinfo=timezone.utc)),
        ]
E       AssertionError: assert [(3, 2, datet...='Etc/UTC')))] == [(3, 2, datet...imezone.utc))]
E         
E         At index 0 diff: (3, 2, datetime.datetime(2026, 1, 9, 0, 0, tzinfo=zoneinfo.ZoneInfo(key='Etc/UTC'))) != (3, 2, datetime.datetime(2026, 1, 9, 4, 42, 17, 123456, tzinfo=datetime.timezone.utc))
E         
E         Full diff:
E           [
E         +     (3, 2, datetime.datetime(2026, 1, 9, 0, 0, tzinfo=zoneinfo.ZoneInfo(key='Etc/UTC'))),
E         +     (4, 3, datetime.datetime(2026, 1, 11, 0, 0, tzinfo=zoneinfo.ZoneInfo(key='Etc/UTC'))),...
E         
E         ...Full output truncated (11 lines hidden), use '-vv' to show

tests/test_private.py:46: AssertionError
==================================== PASSES ====================================
=========================== short test summary info ============================
PASSED tests/test_private.py::test_timestamp_ties_choose_largest_id
PASSED tests/test_private.py::test_id_is_not_chronology
PASSED tests/test_private.py::test_window_precedes_ranking_and_is_half_open
PASSED tests/test_private.py::test_one_statement_on_many_customers
FAILED tests/test_private.py::test_timestamp_projection_preserves_exact_instant
========================= 1 failed, 4 passed in 0.34s ==========================
All checks passed!
============================= test session starts ==============================
platform linux -- Python 3.12.7, pytest-8.3.3, pluggy-1.6.0 -- /usr/local/bin/python3.12
rootdir: /app
configfile: pyproject.toml
plugins: anyio-4.15.1
collecting ... collected 2 items

tests/test_visible.py::test_sample PASSED                                [ 50%]
tests/test_visible.py::test_empty PASSED                                 [100%]

==================================== PASSES ====================================
=========================== short test summary info ============================
PASSED tests/test_visible.py::test_sample
PASSED tests/test_visible.py::test_empty
============================== 2 passed in 0.18s ===============================
