/logs/verifier/graded.patch:9: new blank line at EOF.
+
warning: 1 line adds whitespace errors.


<?xml version='1.0' encoding='utf-8'?>
<testsuite name="py-django-not-in-null" tests="7" failures="2"><testcase name="source_tree_conservation_before"><failure message="source paths, modes, or protected content changed">source paths, modes, or protected content changed</failure></testcase><testcase name="bounded_functions" /><testcase name="bounded_constructs" /><testcase name="ruff_lint" /><testcase name="regression_visible" /><testcase name="hidden_behaviour" /><testcase name="source_tree_conservation_after"><failure message="source paths, modes, or protected content changed">source paths, modes, or protected content changed</failure></testcase></testsuite>

============================= test session starts ==============================
platform linux -- Python 3.12.7, pytest-8.3.3, pluggy-1.6.0 -- /usr/local/bin/python3.12
rootdir: /app
configfile: pyproject.toml
plugins: anyio-4.15.1
collecting ... collected 4 items

tests/test_private.py::test_null_block_is_not_a_global_ban PASSED        [ 25%]
tests/test_private.py::test_indefinite_blocks_and_expiration_boundary PASSED [ 50%]
tests/test_private.py::test_cross_tenant_blocks_do_not_apply PASSED      [ 75%]
tests/test_private.py::test_duplicates_and_single_query PASSED           [100%]

==================================== PASSES ====================================
=========================== short test summary info ============================
PASSED tests/test_private.py::test_null_block_is_not_a_global_ban
PASSED tests/test_private.py::test_indefinite_blocks_and_expiration_boundary
PASSED tests/test_private.py::test_cross_tenant_blocks_do_not_apply
PASSED tests/test_private.py::test_duplicates_and_single_query
============================== 4 passed in 0.53s ===============================
All checks passed!
============================= test session starts ==============================
platform linux -- Python 3.12.7, pytest-8.3.3, pluggy-1.6.0 -- /usr/local/bin/python3.12
rootdir: /app
configfile: pyproject.toml
plugins: anyio-4.15.1
collecting ... collected 2 items

tests/test_visible.py::test_sample PASSED                                [ 50%]
tests/test_visible.py::test_empty PASSED                                 [100%]

==================================== PASSES ====================================
=========================== short test summary info ============================
PASSED tests/test_visible.py::test_sample
PASSED tests/test_visible.py::test_empty
============================== 2 passed in 0.13s ===============================
