

<?xml version='1.0' encoding='utf-8'?>
<testsuite name="ts-knex-window-frame" tests="6" failures="1" errors="0" skipped="0"><testcase name="bounded_function"><system-out>ok</system-out></testcase><testcase name="source_tree_conservation_before_tests"><system-out>745181cef3efea19bb74786f9038763953d398cf651a584c65b0e698f39e9daf</system-out></testcase><testcase name="compilation"><system-out>0</system-out></testcase><testcase name="regression_tests"><system-out>ok</system-out></testcase><testcase name="hidden_behavior"><failure message="AssertionError: TAP version 13&#10;# Subtest: hidden: peers advance one row at a time&#10;not ok 1 - hidden: peers advance one row at a time&#10;  ---&#10;  duration_ms: 287.052345&#10;  location: '/app/test/ridges_report_hidden.test.ts:1:529'&#10;  failureType: 'testCodeFailure'&#10;  error: |-&#10;    Expected values to be strictly deep-equal:&#10;    + actual - expected ... Lines skipped&#10;    &#10;      [&#10;        [&#10;    ...&#10;        [&#10;          10,&#10;    +     '5'&#10;    -     '3'&#10;        ],&#10;        [&#10;          20,&#10;    +     '5'&#10;    -     '-2'&#10;        ],&#10;    ...&#10;          '5'&#10;        ]&#10;      ]&#10;  code: 'ERR_ASSERTION'&#10;  name: 'AssertionError'&#10;  expected:&#10;    0:&#10;      0: 5&#10;      1: '100'&#10;    1:&#10;      0: 10&#10;      1: '3'&#10;    2:&#10;      0: 20&#10;      1: '-2'&#10;    3:&#10;      0: 30&#10;      1: '5'&#10;  actual:&#10;    0:&#10;      0: 5&#10;      1: '100'&#10;    1:&#10;      0: 10&#10;      1: '5'&#10;    2:&#10;      0: 20&#10;      1: '5'&#10;    3:&#10;      0: 30&#10;      1: '5'&#10;  operator: 'deepStrictEqual'&#10;  stack: |-&#10;    TestContext.&lt;anonymous&gt; (/app/test/ridges_report_hidden.test.ts:10:9">AssertionError: TAP version 13
# Subtest: hidden: peers advance one row at a time
not ok 1 - hidden: peers advance one row at a time
  ---
  duration_ms: 287.052345
  location: '/app/test/ridges_report_hidden.test.ts:1:529'
  failureType: 'testCodeFailure'
  error: |-
    Expected values to be strictly deep-equal:
    + actual - expected ... Lines skipped
    
      [
        [
    ...
        [
          10,
    +     '5'
    -     '3'
        ],
        [
          20,
    +     '5'
    -     '-2'
        ],
    ...
          '5'
        ]
      ]
  code: 'ERR_ASSERTION'
  name: 'AssertionError'
  expected:
    0:
      0: 5
      1: '100'
    1:
      0: 10
      1: '3'
    2:
      0: 20
      1: '-2'
    3:
      0: 30
      1: '5'
  actual:
    0:
      0: 5
      1: '100'
    1:
      0: 10
      1: '5'
    2:
      0: 20
      1: '5'
    3:
      0: 30
      1: '5'
  operator: 'deepStrictEqual'
  stack: |-
    TestContext.&lt;anonymous&gt; (/app/test/ridges_report_hidden.test.ts:10:9)
    process.processTicksAndRejections (node:internal/process/task_queues:95:5)
    async Test.run (node:internal/test_runner/test:797:9)
    async Test.processPendingSubtests (node:internal/test_runner/test:527:7)
  ...
# Subtest: hidden: lifetime balance survives display cutoff
ok 2 - hidden: lifetime balance survives display cutoff
  ---
  duration_ms: 66.512898
  ...
# Subtest: hidden: independent partitions and repeated amounts
not ok 3 - hidden: independent partitions and repeated amounts
  ---
  duration_ms: 68.199111
  location: '/app/test/ridges_report_hidden.test.ts:1:1590'
  failureType: 'testCodeFailure'
  error: |-
    Expected values to be strictly deep-equal:
    + actual - expected ... Lines skipped
    
      [
        [
          12,
    +     '8'
    -     '6'
        ],
        [
          13,
    +     '0'
    -     '1'
        ],
        [
    ...
        [
          16,
    +     '9'
    -     '10'
        ],
        [
          17,
    +     '4'
    -     '2'
        ],
        [
    ...
        [
          20,
    +     '13'
    -     '11'
        ],
        [
          21,
    +     '5'
    -     '3'
        ],
        [
    ...
        [
          24,
    +     '14'
    -     '12'
        ],
        [
          25,
    +     '6'
    -     '7'
        ],
        [
    ...
        [
          28,
    +     '15'
    -     '16'
        ],
        [
    ...
    ...
  code: 'ERR_ASSERTION'
  name: 'AssertionError'
  expected:
    0:
      0: 12
      1: '6'
    1:
      0: 13
      1: '1'
    2:
      0: 14
      1: '8'
    3:
      0: 15
      1: '0'
    4:
      0: 16
      1: '10'
    5:
      0: 17
      1: '2'
    6:
      0: 18
      1: '9'
    7:
      0: 19
      1: '4'
    8:
      0: 20
      1: '11'
    9:
      0: 21
      1: '3'
    10:
      0: 22
      1: '13'
    11:
      0: 23
      1: '5'
    12:
      0: 24
      1: '12'
    13:
      0: 25
      1: '7'
    14:
      0: 26
      1: '14'
    15:
      0: 27
      1: '6'
    16:
      0: 28
      1: '16'
    17:
      0: 29
      1: '8'
    18:
      0: 30
      1: '15'
    19:
      0: 31
      1: '10'
    20:
      0: 32
      1: '17'
    21:
      0: 33
      1: '9'
    22:
      0: 34
      1: '19'
    23:
      0: 35
      1: '11'
    24:
      0: 36
      1: '18'
    25:
      0: 37
      1: '13'
    26:
      0: 38
      1: '20'
    27:
      0: 39
      1: '12'
  actual:
    0:
      0: 12
      1: '8'
    1:
      0: 13
      1: '0'
    2:
      0: 14
      1: '8'
    3:
      0: 15
      1: '0'
    4:
      0: 16
      1: '9'
    5:
      0: 17
      1: '4'
    6:
      0: 18
      1: '9'
    7:
      0: 19
      1: '4'
    8:
      0: 20
      1: '13'
    9:
      0: 21
      1: '5'
    10:
      0: 22
      1: '13'
    11:
      0: 23
      1: '5'
    12:
      0: 24
      1: '14'
    13:
      0: 25
      1: '6'
    14:
      0: 26
      1: '14'
    15:
      0: 27
      1: '6'
    16:
      0: 28
      1: '15'
    17:
      0: 29
      1: '10'
    18:
      0: 30
      1: '15'
    19:
      0: 31
      1: '10'
    20:
      0: 32
      1: '19'
    21:
      0: 33
      1: '11'
    22:
      0: 34
      1: '19'
    23:
      0: 35
      1: '11'
    24:
      0: 36
      1: '20'
    25:
      0: 37
      1: '12'
    26:
      0: 38
      1: '20'
    27:
      0: 39
      1: '12'
  operator: 'deepStrictEqual'
  stack: |-
    TestContext.&lt;anonymous&gt; (/app/test/ridges_report_hidden.test.ts:28:9)
    process.processTicksAndRejections (node:internal/process/task_queues:95:5)
    async Test.run (node:internal/test_runner/test:797:9)
    async Test.processPendingSubtests (node:internal/test_runner/test:527:7)
  ...
1..3
# tests 3
# suites 0
# pass 1
# fail 2
# cancelled 0
# skipped 0
# todo 0
# duration_ms 2168.582569
</failure><system-out>AssertionError: TAP version 13
# Subtest: hidden: peers advance one row at a time
not ok 1 - hidden: peers advance one row at a time
  ---
  duration_ms: 287.052345
  location: '/app/test/ridges_report_hidden.test.ts:1:529'
  failureType: 'testCodeFailure'
  error: |-
    Expected values to be strictly deep-equal:
    + actual - expected ... Lines skipped
    
      [
        [
    ...
        [
          10,
    +     '5'
    -     '3'
        ],
        [
          20,
    +     '5'
    -     '-2'
        ],
    ...
          '5'
        ]
      ]
  code: 'ERR_ASSERTION'
  name: 'AssertionError'
  expected:
    0:
      0: 5
      1: '100'
    1:
      0: 10
      1: '3'
    2:
      0: 20
      1: '-2'
    3:
      0: 30
      1: '5'
  actual:
    0:
      0: 5
      1: '100'
    1:
      0: 10
      1: '5'
    2:
      0: 20
      1: '5'
    3:
      0: 30
      1: '5'
  operator: 'deepStrictEqual'
  stack: |-
    TestContext.&lt;anonymous&gt; (/app/test/ridges_report_hidden.test.ts:10:9)
    process.processTicksAndRejections (node:internal/process/task_queues:95:5)
    async Test.run (node:internal/test_runner/test:797:9)
    async Test.processPendingSubtests (node:internal/test_runner/test:527:7)
  ...
# Subtest: hidden: lifetime balance survives display cutoff
ok 2 - hidden: lifetime balance survives display cutoff
  ---
  duration_ms: 66.512898
  ...
# Subtest: hidden: independent partitions and repeated amounts
not ok 3 - hidden: independent partitions and repeated amounts
  ---
  duration_ms: 68.199111
  location: '/app/test/ridges_report_hidden.test.ts:1:1590'
  failureType: 'testCodeFailure'
  error: |-
    Expected values to be strictly deep-equal:
    + actual - expected ... Lines skipped
    
      [
        [
          12,
    +     '8'
    -     '6'
        ],
        [
          13,
    +     '0'
    -     '1'
        ],
        [
    ...
        [
          16,
    +     '9'
    -     '10'
        ],
        [
          17,
    +     '4'
    -     '2'
        ],
        [
    ...
        [
          20,
    +     '13'
    -     '11'
        ],
        [
          21,
    +     '5'
    -     '3'
        ],
        [
    ...
        [
          24,
    +     '14'
    -     '12'
        ],
        [
          25,
    +     '6'
    -     '7'
        ],
        [
    ...
        [
          28,
    +     '15'
    -     '16'
        ],
        [
    ...
    ...
  code: 'ERR_ASSERTION'
  name: 'AssertionError'
  expected:
    0:
      0: 12
      1: '6'
    1:
      0: 13
      1: '1'
    2:
      0: 14
      1: '8'
    3:
      0: 15
      1: '0'
    4:
      0: 16
      1: '10'
    5:
      0: 17
      1: '2'
    6:
      0: 18
      1: '9'
    7:
      0: 19
      1: '4'
    8:
      0: 20
      1: '11'
    9:
      0: 21
      1: '3'
    10:
      0: 22
      1: '13'
    11:
      0: 23
      1: '5'
    12:
      0: 24
      1: '12'
    13:
      0: 25
      1: '7'
    14:
      0: 26
      1: '14'
    15:
      0: 27
      1: '6'
    16:
      0: 28
      1: '16'
    17:
      0: 29
      1: '8'
    18:
      0: 30
      1: '15'
    19:
      0: 31
      1: '10'
    20:
      0: 32
      1: '17'
    21:
      0: 33
      1: '9'
    22:
      0: 34
      1: '19'
    23:
      0: 35
      1: '11'
    24:
      0: 36
      1: '18'
    25:
      0: 37
      1: '13'
    26:
      0: 38
      1: '20'
    27:
      0: 39
      1: '12'
  actual:
    0:
      0: 12
      1: '8'
    1:
      0: 13
      1: '0'
    2:
      0: 14
      1: '8'
    3:
      0: 15
      1: '0'
    4:
      0: 16
      1: '9'
    5:
      0: 17
      1: '4'
    6:
      0: 18
      1: '9'
    7:
      0: 19
      1: '4'
    8:
      0: 20
      1: '13'
    9:
      0: 21
      1: '5'
    10:
      0: 22
      1: '13'
    11:
      0: 23
      1: '5'
    12:
      0: 24
      1: '14'
    13:
      0: 25
      1: '6'
    14:
      0: 26
      1: '14'
    15:
      0: 27
      1: '6'
    16:
      0: 28
      1: '15'
    17:
      0: 29
      1: '10'
    18:
      0: 30
      1: '15'
    19:
      0: 31
      1: '10'
    20:
      0: 32
      1: '19'
    21:
      0: 33
      1: '11'
    22:
      0: 34
      1: '19'
    23:
      0: 35
      1: '11'
    24:
      0: 36
      1: '20'
    25:
      0: 37
      1: '12'
    26:
      0: 38
      1: '20'
    27:
      0: 39
      1: '12'
  operator: 'deepStrictEqual'
  stack: |-
    TestContext.&lt;anonymous&gt; (/app/test/ridges_report_hidden.test.ts:28:9)
    process.processTicksAndRejections (node:internal/process/task_queues:95:5)
    async Test.run (node:internal/test_runner/test:797:9)
    async Test.processPendingSubtests (node:internal/test_runner/test:527:7)
  ...
1..3
# tests 3
# suites 0
# pass 1
# fail 2
# cancelled 0
# skipped 0
# todo 0
# duration_ms 2168.582569
</system-out></testcase><testcase name="source_tree_conservation_after_tests"><system-out>745181cef3efea19bb74786f9038763953d398cf651a584c65b0e698f39e9daf</system-out></testcase></testsuite>

{"found":1,"originalFound":1,"prefixEqual":true,"suffixEqual":true,"headerEqual":true,"bodyLength":548,"nodes":19,"loops":0,"names":{"result":2,"db":1,"raw":1,"tenant":1,"end":1,"start":1,"rows":1},"properties":{"raw":1,"rows":1},"taggedTemplates":0,"templateText":["SELECT id, account, amount::text, total::text FROM (SELECT id, account, amount, occurred_at, SUM(amount) OVER (PARTITION BY account ORDER BY occurred_at) AS total FROM movements WHERE tenant = ? AND occurred_at < ?) ledger WHERE occurred_at >= ? ORDER BY occurred_at, id"]}
TAP version 13
# Subtest: visible: chronological running total
ok 1 - visible: chronological running total
  ---
  duration_ms: 237.221274
  ...
1..1
# tests 1
# suites 0
# pass 1
# fail 0
# cancelled 0
# skipped 0
# todo 0
# duration_ms 2299.923564
TAP version 13
# Subtest: hidden: peers advance one row at a time
not ok 1 - hidden: peers advance one row at a time
  ---
  duration_ms: 287.052345
  location: '/app/test/ridges_report_hidden.test.ts:1:529'
  failureType: 'testCodeFailure'
  error: |-
    Expected values to be strictly deep-equal:
    + actual - expected ... Lines skipped
    
      [
        [
    ...
        [
          10,
    +     '5'
    -     '3'
        ],
        [
          20,
    +     '5'
    -     '-2'
        ],
    ...
          '5'
        ]
      ]
  code: 'ERR_ASSERTION'
  name: 'AssertionError'
  expected:
    0:
      0: 5
      1: '100'
    1:
      0: 10
      1: '3'
    2:
      0: 20
      1: '-2'
    3:
      0: 30
      1: '5'
  actual:
    0:
      0: 5
      1: '100'
    1:
      0: 10
      1: '5'
    2:
      0: 20
      1: '5'
    3:
      0: 30
      1: '5'
  operator: 'deepStrictEqual'
  stack: |-
    TestContext.<anonymous> (/app/test/ridges_report_hidden.test.ts:10:9)
    process.processTicksAndRejections (node:internal/process/task_queues:95:5)
    async Test.run (node:internal/test_runner/test:797:9)
    async Test.processPendingSubtests (node:internal/test_runner/test:527:7)
  ...
# Subtest: hidden: lifetime balance survives display cutoff
ok 2 - hidden: lifetime balance survives display cutoff
  ---
  duration_ms: 66.512898
  ...
# Subtest: hidden: independent partitions and repeated amounts
not ok 3 - hidden: independent partitions and repeated amounts
  ---
  duration_ms: 68.199111
  location: '/app/test/ridges_report_hidden.test.ts:1:1590'
  failureType: 'testCodeFailure'
  error: |-
    Expected values to be strictly deep-equal:
    + actual - expected ... Lines skipped
    
      [
        [
          12,
    +     '8'
    -     '6'
        ],
        [
          13,
    +     '0'
    -     '1'
        ],
        [
    ...
        [
          16,
    +     '9'
    -     '10'
        ],
        [
          17,
    +     '4'
    -     '2'
        ],
        [
    ...
        [
          20,
    +     '13'
    -     '11'
        ],
        [
          21,
    +     '5'
    -     '3'
        ],
        [
    ...
        [
          24,
    +     '14'
    -     '12'
        ],
        [
          25,
    +     '6'
    -     '7'
        ],
        [
    ...
        [
          28,
    +     '15'
    -     '16'
        ],
        [
    ...
    ...
  code: 'ERR_ASSERTION'
  name: 'AssertionError'
  expected:
    0:
      0: 12
      1: '6'
    1:
      0: 13
      1: '1'
    2:
      0: 14
      1: '8'
    3:
      0: 15
      1: '0'
    4:
      0: 16
      1: '10'
    5:
      0: 17
      1: '2'
    6:
      0: 18
      1: '9'
    7:
      0: 19
      1: '4'
    8:
      0: 20
      1: '11'
    9:
      0: 21
      1: '3'
    10:
      0: 22
      1: '13'
    11:
      0: 23
      1: '5'
    12:
      0: 24
      1: '12'
    13:
      0: 25
      1: '7'
    14:
      0: 26
      1: '14'
    15:
      0: 27
      1: '6'
    16:
      0: 28
      1: '16'
    17:
      0: 29
      1: '8'
    18:
      0: 30
      1: '15'
    19:
      0: 31
      1: '10'
    20:
      0: 32
      1: '17'
    21:
      0: 33
      1: '9'
    22:
      0: 34
      1: '19'
    23:
      0: 35
      1: '11'
    24:
      0: 36
      1: '18'
    25:
      0: 37
      1: '13'
    26:
      0: 38
      1: '20'
    27:
      0: 39
      1: '12'
  actual:
    0:
      0: 12
      1: '8'
    1:
      0: 13
      1: '0'
    2:
      0: 14
      1: '8'
    3:
      0: 15
      1: '0'
    4:
      0: 16
      1: '9'
    5:
      0: 17
      1: '4'
    6:
      0: 18
      1: '9'
    7:
      0: 19
      1: '4'
    8:
      0: 20
      1: '13'
    9:
      0: 21
      1: '5'
    10:
      0: 22
      1: '13'
    11:
      0: 23
      1: '5'
    12:
      0: 24
      1: '14'
    13:
      0: 25
      1: '6'
    14:
      0: 26
      1: '14'
    15:
      0: 27
      1: '6'
    16:
      0: 28
      1: '15'
    17:
      0: 29
      1: '10'
    18:
      0: 30
      1: '15'
    19:
      0: 31
      1: '10'
    20:
      0: 32
      1: '19'
    21:
      0: 33
      1: '11'
    22:
      0: 34
      1: '19'
    23:
      0: 35
      1: '11'
    24:
      0: 36
      1: '20'
    25:
      0: 37
      1: '12'
    26:
      0: 38
      1: '20'
    27:
      0: 39
      1: '12'
  operator: 'deepStrictEqual'
  stack: |-
    TestContext.<anonymous> (/app/test/ridges_report_hidden.test.ts:28:9)
    process.processTicksAndRejections (node:internal/process/task_queues:95:5)
    async Test.run (node:internal/test_runner/test:797:9)
    async Test.processPendingSubtests (node:internal/test_runner/test:527:7)
  ...
1..3
# tests 3
# suites 0
# pass 1
# fail 2
# cancelled 0
# skipped 0
# todo 0
# duration_ms 2168.582569
