

<?xml version='1.0' encoding='utf-8'?>
<testsuite name="ts-knex-window-frame" tests="6" failures="1" errors="0" skipped="0"><testcase name="bounded_function"><system-out>ok</system-out></testcase><testcase name="source_tree_conservation_before_tests"><system-out>96f30ecaab558ae3ed45e94c65f3a341a3fcfe78688831dcefabeb4d6e5f0f56</system-out></testcase><testcase name="compilation"><system-out>0</system-out></testcase><testcase name="regression_tests"><system-out>ok</system-out></testcase><testcase name="hidden_behavior"><failure message="AssertionError:  '3'&#10;    2:&#10;      0: 20&#10;      1: '-2'&#10;    3:&#10;      0: 30&#10;      1: '5'&#10;  actual:&#10;    0:&#10;      0: 5&#10;      1: '100'&#10;    1:&#10;      0: 10&#10;      1: '5'&#10;    2:&#10;      0: 20&#10;      1: '5'&#10;    3:&#10;      0: 30&#10;      1: '5'&#10;  operator: 'deepStrictEqual'&#10;  stack: |-&#10;    TestContext.&lt;anonymous&gt; (/app/test/ridges_report_hidden.test.ts:10:9)&#10;    process.processTicksAndRejections (node:internal/process/task_queues:95:5)&#10;    async Test.run (node:internal/test_runner/test:797:9)&#10;    async Test.processPendingSubtests (node:internal/test_runner/test:527:7)&#10;  ...&#10;# Subtest: hidden: lifetime balance survives display cutoff&#10;not ok 2 - hidden: lifetime balance survives display cutoff&#10;  ---&#10;  duration_ms: 29.488846&#10;  location: '/app/test/ridges_report_hidden.test.ts:1:998'&#10;  failureType: 'testCodeFailure'&#10;  error: |-&#10;    Expected values to be strictly deep-equal:&#10;    + actual - expected&#10;    &#10;      [&#10;        {&#10;          account: 'cash',&#10;          amount: '-3',&#10;          id: 2,&#10;    +     total: '-3'&#10;">AssertionError:  '3'
    2:
      0: 20
      1: '-2'
    3:
      0: 30
      1: '5'
  actual:
    0:
      0: 5
      1: '100'
    1:
      0: 10
      1: '5'
    2:
      0: 20
      1: '5'
    3:
      0: 30
      1: '5'
  operator: 'deepStrictEqual'
  stack: |-
    TestContext.&lt;anonymous&gt; (/app/test/ridges_report_hidden.test.ts:10:9)
    process.processTicksAndRejections (node:internal/process/task_queues:95:5)
    async Test.run (node:internal/test_runner/test:797:9)
    async Test.processPendingSubtests (node:internal/test_runner/test:527:7)
  ...
# Subtest: hidden: lifetime balance survives display cutoff
not ok 2 - hidden: lifetime balance survives display cutoff
  ---
  duration_ms: 29.488846
  location: '/app/test/ridges_report_hidden.test.ts:1:998'
  failureType: 'testCodeFailure'
  error: |-
    Expected values to be strictly deep-equal:
    + actual - expected
    
      [
        {
          account: 'cash',
          amount: '-3',
          id: 2,
    +     total: '-3'
    -     total: '9007199254740990'
        }
      ]
  code: 'ERR_ASSERTION'
  name: 'AssertionError'
  expected:
    0:
      id: 2
      account: 'cash'
      amount: '-3'
      total: '9007199254740990'
  actual:
    0:
      id: 2
      account: 'cash'
      amount: '-3'
      total: '-3'
  operator: 'deepStrictEqual'
  stack: |-
    TestContext.&lt;anonymous&gt; (/app/test/ridges_report_hidden.test.ts:15:9)
    process.processTicksAndRejections (node:internal/process/task_queues:95:5)
    async Test.run (node:internal/test_runner/test:797:9)
    async Test.processPendingSubtests (node:internal/test_runner/test:527:7)
  ...
# Subtest: hidden: independent partitions and repeated amounts
not ok 3 - hidden: independent partitions and repeated amounts
  ---
  duration_ms: 41.528621
  location: '/app/test/ridges_report_hidden.test.ts:1:1590'
  failureType: 'testCodeFailure'
  error: |-
    Expected values to be strictly deep-equal:
    + actual - expected ... Lines skipped
    
      [
        [
          12,
    +     '1'
    -     '6'
        ],
        [
    ...
        [
          14,
    +     '1'
    -     '8'
        ],
        [
          15,
    +     '1'
    -     '0'
        ],
        [
          16,
    +     '2'
    -     '10'
        ],
        [
          17,
    +     '5'
    -     '2'
        ],
        [
          18,
    +     '2'
    -     '9'
        ],
        [
          19,
    +     '5'
    -     '4'
        ],
        [
          20,
    +     '6'
    -     '11'
        ],
        [
          21,
    +     '6'
    -     '3'
        ],
        [
          22,
    +     '6'
    ...
    -     '13'
    ...
  code: 'ERR_ASSERTION'
  name: 'AssertionError'
  expected:
    0:
      0: 12
      1: '6'
    1:
      0: 13
      1: '1'
    2:
      0: 14
      1: '8'
    3:
      0: 15
      1: '0'
    4:
      0: 16
      1: '10'
    5:
      0: 17
      1: '2'
    6:
      0: 18
      1: '9'
    7:
      0: 19
      1: '4'
    8:
      0: 20
      1: '11'
    9:
      0: 21
      1: '3'
    10:
      0: 22
      1: '13'
    11:
      0: 23
      1: '5'
    12:
      0: 24
      1: '12'
    13:
      0: 25
      1: '7'
    14:
      0: 26
      1: '14'
    15:
      0: 27
      1: '6'
    16:
      0: 28
      1: '16'
    17:
      0: 29
      1: '8'
    18:
      0: 30
      1: '15'
    19:
      0: 31
      1: '10'
    20:
      0: 32
      1: '17'
    21:
      0: 33
      1: '9'
    22:
      0: 34
      1: '19'
    23:
      0: 35
      1: '11'
    24:
      0: 36
      1: '18'
    25:
      0: 37
      1: '13'
    26:
      0: 38
      1: '20'
    27:
      0: 39
      1: '12'
  actual:
    0:
      0: 12
      1: '1'
    1:
      0: 13
      1: '1'
    2:
      0: 14
      1: '1'
    3:
      0: 15
      1: '1'
    4:
      0: 16
      1: '2'
    5:
      0: 17
      1: '5'
    6:
      0: 18
      1: '2'
    7:
      0: 19
      1: '5'
    8:
      0: 20
      1: '6'
    9:
      0: 21
      1: '6'
    10:
      0: 22
      1: '6'
    11:
      0: 23
      1: '6'
    12:
      0: 24
      1: '7'
    13:
      0: 25
      1: '7'
    14:
      0: 26
      1: '7'
    15:
      0: 27
      1: '7'
    16:
      0: 28
      1: '8'
    17:
      0: 29
      1: '11'
    18:
      0: 30
      1: '8'
    19:
      0: 31
      1: '11'
    20:
      0: 32
      1: '12'
    21:
      0: 33
      1: '12'
    22:
      0: 34
      1: '12'
    23:
      0: 35
      1: '12'
    24:
      0: 36
      1: '13'
    25:
      0: 37
      1: '13'
    26:
      0: 38
      1: '13'
    27:
      0: 39
      1: '13'
  operator: 'deepStrictEqual'
  stack: |-
    TestContext.&lt;anonymous&gt; (/app/test/ridges_report_hidden.test.ts:28:9)
    process.processTicksAndRejections (node:internal/process/task_queues:95:5)
    async Test.run (node:internal/test_runner/test:797:9)
    async Test.processPendingSubtests (node:internal/test_runner/test:527:7)
  ...
1..3
# tests 3
# suites 0
# pass 0
# fail 3
# cancelled 0
# skipped 0
# todo 0
# duration</failure><system-out>AssertionError:  '3'
    2:
      0: 20
      1: '-2'
    3:
      0: 30
      1: '5'
  actual:
    0:
      0: 5
      1: '100'
    1:
      0: 10
      1: '5'
    2:
      0: 20
      1: '5'
    3:
      0: 30
      1: '5'
  operator: 'deepStrictEqual'
  stack: |-
    TestContext.&lt;anonymous&gt; (/app/test/ridges_report_hidden.test.ts:10:9)
    process.processTicksAndRejections (node:internal/process/task_queues:95:5)
    async Test.run (node:internal/test_runner/test:797:9)
    async Test.processPendingSubtests (node:internal/test_runner/test:527:7)
  ...
# Subtest: hidden: lifetime balance survives display cutoff
not ok 2 - hidden: lifetime balance survives display cutoff
  ---
  duration_ms: 29.488846
  location: '/app/test/ridges_report_hidden.test.ts:1:998'
  failureType: 'testCodeFailure'
  error: |-
    Expected values to be strictly deep-equal:
    + actual - expected
    
      [
        {
          account: 'cash',
          amount: '-3',
          id: 2,
    +     total: '-3'
    -     total: '9007199254740990'
        }
      ]
  code: 'ERR_ASSERTION'
  name: 'AssertionError'
  expected:
    0:
      id: 2
      account: 'cash'
      amount: '-3'
      total: '9007199254740990'
  actual:
    0:
      id: 2
      account: 'cash'
      amount: '-3'
      total: '-3'
  operator: 'deepStrictEqual'
  stack: |-
    TestContext.&lt;anonymous&gt; (/app/test/ridges_report_hidden.test.ts:15:9)
    process.processTicksAndRejections (node:internal/process/task_queues:95:5)
    async Test.run (node:internal/test_runner/test:797:9)
    async Test.processPendingSubtests (node:internal/test_runner/test:527:7)
  ...
# Subtest: hidden: independent partitions and repeated amounts
not ok 3 - hidden: independent partitions and repeated amounts
  ---
  duration_ms: 41.528621
  location: '/app/test/ridges_report_hidden.test.ts:1:1590'
  failureType: 'testCodeFailure'
  error: |-
    Expected values to be strictly deep-equal:
    + actual - expected ... Lines skipped
    
      [
        [
          12,
    +     '1'
    -     '6'
        ],
        [
    ...
        [
          14,
    +     '1'
    -     '8'
        ],
        [
          15,
    +     '1'
    -     '0'
        ],
        [
          16,
    +     '2'
    -     '10'
        ],
        [
          17,
    +     '5'
    -     '2'
        ],
        [
          18,
    +     '2'
    -     '9'
        ],
        [
          19,
    +     '5'
    -     '4'
        ],
        [
          20,
    +     '6'
    -     '11'
        ],
        [
          21,
    +     '6'
    -     '3'
        ],
        [
          22,
    +     '6'
    ...
    -     '13'
    ...
  code: 'ERR_ASSERTION'
  name: 'AssertionError'
  expected:
    0:
      0: 12
      1: '6'
    1:
      0: 13
      1: '1'
    2:
      0: 14
      1: '8'
    3:
      0: 15
      1: '0'
    4:
      0: 16
      1: '10'
    5:
      0: 17
      1: '2'
    6:
      0: 18
      1: '9'
    7:
      0: 19
      1: '4'
    8:
      0: 20
      1: '11'
    9:
      0: 21
      1: '3'
    10:
      0: 22
      1: '13'
    11:
      0: 23
      1: '5'
    12:
      0: 24
      1: '12'
    13:
      0: 25
      1: '7'
    14:
      0: 26
      1: '14'
    15:
      0: 27
      1: '6'
    16:
      0: 28
      1: '16'
    17:
      0: 29
      1: '8'
    18:
      0: 30
      1: '15'
    19:
      0: 31
      1: '10'
    20:
      0: 32
      1: '17'
    21:
      0: 33
      1: '9'
    22:
      0: 34
      1: '19'
    23:
      0: 35
      1: '11'
    24:
      0: 36
      1: '18'
    25:
      0: 37
      1: '13'
    26:
      0: 38
      1: '20'
    27:
      0: 39
      1: '12'
  actual:
    0:
      0: 12
      1: '1'
    1:
      0: 13
      1: '1'
    2:
      0: 14
      1: '1'
    3:
      0: 15
      1: '1'
    4:
      0: 16
      1: '2'
    5:
      0: 17
      1: '5'
    6:
      0: 18
      1: '2'
    7:
      0: 19
      1: '5'
    8:
      0: 20
      1: '6'
    9:
      0: 21
      1: '6'
    10:
      0: 22
      1: '6'
    11:
      0: 23
      1: '6'
    12:
      0: 24
      1: '7'
    13:
      0: 25
      1: '7'
    14:
      0: 26
      1: '7'
    15:
      0: 27
      1: '7'
    16:
      0: 28
      1: '8'
    17:
      0: 29
      1: '11'
    18:
      0: 30
      1: '8'
    19:
      0: 31
      1: '11'
    20:
      0: 32
      1: '12'
    21:
      0: 33
      1: '12'
    22:
      0: 34
      1: '12'
    23:
      0: 35
      1: '12'
    24:
      0: 36
      1: '13'
    25:
      0: 37
      1: '13'
    26:
      0: 38
      1: '13'
    27:
      0: 39
      1: '13'
  operator: 'deepStrictEqual'
  stack: |-
    TestContext.&lt;anonymous&gt; (/app/test/ridges_report_hidden.test.ts:28:9)
    process.processTicksAndRejections (node:internal/process/task_queues:95:5)
    async Test.run (node:internal/test_runner/test:797:9)
    async Test.processPendingSubtests (node:internal/test_runner/test:527:7)
  ...
1..3
# tests 3
# suites 0
# pass 0
# fail 3
# cancelled 0
# skipped 0
# todo 0
# duration_ms 1792.163315
</system-out></testcase><testcase name="source_tree_conservation_after_tests"><system-out>96f30ecaab558ae3ed45e94c65f3a341a3fcfe78688831dcefabeb4d6e5f0f56</system-out></testcase></testsuite>

{"found":1,"originalFound":1,"prefixEqual":true,"suffixEqual":true,"headerEqual":true,"bodyLength":485,"nodes":19,"loops":0,"names":{"result":2,"db":1,"raw":1,"tenant":1,"start":1,"end":1,"rows":1},"properties":{"raw":1,"rows":1},"taggedTemplates":0,"templateText":["SELECT id, account, amount::text, SUM(amount) OVER (PARTITION BY account ORDER BY occurred_at)::text AS total FROM movements WHERE tenant = ? AND occurred_at >= ? AND occurred_at < ? ORDER BY occurred_at, id"]}
TAP version 13
# Subtest: visible: chronological running total
ok 1 - visible: chronological running total
  ---
  duration_ms: 220.301258
  ...
1..1
# tests 1
# suites 0
# pass 1
# fail 0
# cancelled 0
# skipped 0
# todo 0
# duration_ms 1780.054363
TAP version 13
# Subtest: hidden: peers advance one row at a time
not ok 1 - hidden: peers advance one row at a time
  ---
  duration_ms: 163.457214
  location: '/app/test/ridges_report_hidden.test.ts:1:529'
  failureType: 'testCodeFailure'
  error: |-
    Expected values to be strictly deep-equal:
    + actual - expected ... Lines skipped
    
      [
        [
    ...
        [
          10,
    +     '5'
    -     '3'
        ],
        [
          20,
    +     '5'
    -     '-2'
        ],
    ...
          '5'
        ]
      ]
  code: 'ERR_ASSERTION'
  name: 'AssertionError'
  expected:
    0:
      0: 5
      1: '100'
    1:
      0: 10
      1: '3'
    2:
      0: 20
      1: '-2'
    3:
      0: 30
      1: '5'
  actual:
    0:
      0: 5
      1: '100'
    1:
      0: 10
      1: '5'
    2:
      0: 20
      1: '5'
    3:
      0: 30
      1: '5'
  operator: 'deepStrictEqual'
  stack: |-
    TestContext.<anonymous> (/app/test/ridges_report_hidden.test.ts:10:9)
    process.processTicksAndRejections (node:internal/process/task_queues:95:5)
    async Test.run (node:internal/test_runner/test:797:9)
    async Test.processPendingSubtests (node:internal/test_runner/test:527:7)
  ...
# Subtest: hidden: lifetime balance survives display cutoff
not ok 2 - hidden: lifetime balance survives display cutoff
  ---
  duration_ms: 29.488846
  location: '/app/test/ridges_report_hidden.test.ts:1:998'
  failureType: 'testCodeFailure'
  error: |-
    Expected values to be strictly deep-equal:
    + actual - expected
    
      [
        {
          account: 'cash',
          amount: '-3',
          id: 2,
    +     total: '-3'
    -     total: '9007199254740990'
        }
      ]
  code: 'ERR_ASSERTION'
  name: 'AssertionError'
  expected:
    0:
      id: 2
      account: 'cash'
      amount: '-3'
      total: '9007199254740990'
  actual:
    0:
      id: 2
      account: 'cash'
      amount: '-3'
      total: '-3'
  operator: 'deepStrictEqual'
  stack: |-
    TestContext.<anonymous> (/app/test/ridges_report_hidden.test.ts:15:9)
    process.processTicksAndRejections (node:internal/process/task_queues:95:5)
    async Test.run (node:internal/test_runner/test:797:9)
    async Test.processPendingSubtests (node:internal/test_runner/test:527:7)
  ...
# Subtest: hidden: independent partitions and repeated amounts
not ok 3 - hidden: independent partitions and repeated amounts
  ---
  duration_ms: 41.528621
  location: '/app/test/ridges_report_hidden.test.ts:1:1590'
  failureType: 'testCodeFailure'
  error: |-
    Expected values to be strictly deep-equal:
    + actual - expected ... Lines skipped
    
      [
        [
          12,
    +     '1'
    -     '6'
        ],
        [
    ...
        [
          14,
    +     '1'
    -     '8'
        ],
        [
          15,
    +     '1'
    -     '0'
        ],
        [
          16,
    +     '2'
    -     '10'
        ],
        [
          17,
    +     '5'
    -     '2'
        ],
        [
          18,
    +     '2'
    -     '9'
        ],
        [
          19,
    +     '5'
    -     '4'
        ],
        [
          20,
    +     '6'
    -     '11'
        ],
        [
          21,
    +     '6'
    -     '3'
        ],
        [
          22,
    +     '6'
    ...
    -     '13'
    ...
  code: 'ERR_ASSERTION'
  name: 'AssertionError'
  expected:
    0:
      0: 12
      1: '6'
    1:
      0: 13
      1: '1'
    2:
      0: 14
      1: '8'
    3:
      0: 15
      1: '0'
    4:
      0: 16
      1: '10'
    5:
      0: 17
      1: '2'
    6:
      0: 18
      1: '9'
    7:
      0: 19
      1: '4'
    8:
      0: 20
      1: '11'
    9:
      0: 21
      1: '3'
    10:
      0: 22
      1: '13'
    11:
      0: 23
      1: '5'
    12:
      0: 24
      1: '12'
    13:
      0: 25
      1: '7'
    14:
      0: 26
      1: '14'
    15:
      0: 27
      1: '6'
    16:
      0: 28
      1: '16'
    17:
      0: 29
      1: '8'
    18:
      0: 30
      1: '15'
    19:
      0: 31
      1: '10'
    20:
      0: 32
      1: '17'
    21:
      0: 33
      1: '9'
    22:
      0: 34
      1: '19'
    23:
      0: 35
      1: '11'
    24:
      0: 36
      1: '18'
    25:
      0: 37
      1: '13'
    26:
      0: 38
      1: '20'
    27:
      0: 39
      1: '12'
  actual:
    0:
      0: 12
      1: '1'
    1:
      0: 13
      1: '1'
    2:
      0: 14
      1: '1'
    3:
      0: 15
      1: '1'
    4:
      0: 16
      1: '2'
    5:
      0: 17
      1: '5'
    6:
      0: 18
      1: '2'
    7:
      0: 19
      1: '5'
    8:
      0: 20
      1: '6'
    9:
      0: 21
      1: '6'
    10:
      0: 22
      1: '6'
    11:
      0: 23
      1: '6'
    12:
      0: 24
      1: '7'
    13:
      0: 25
      1: '7'
    14:
      0: 26
      1: '7'
    15:
      0: 27
      1: '7'
    16:
      0: 28
      1: '8'
    17:
      0: 29
      1: '11'
    18:
      0: 30
      1: '8'
    19:
      0: 31
      1: '11'
    20:
      0: 32
      1: '12'
    21:
      0: 33
      1: '12'
    22:
      0: 34
      1: '12'
    23:
      0: 35
      1: '12'
    24:
      0: 36
      1: '13'
    25:
      0: 37
      1: '13'
    26:
      0: 38
      1: '13'
    27:
      0: 39
      1: '13'
  operator: 'deepStrictEqual'
  stack: |-
    TestContext.<anonymous> (/app/test/ridges_report_hidden.test.ts:28:9)
    process.processTicksAndRejections (node:internal/process/task_queues:95:5)
    async Test.run (node:internal/test_runner/test:797:9)
    async Test.processPendingSubtests (node:internal/test_runner/test:527:7)
  ...
1..3
# tests 3
# suites 0
# pass 0
# fail 3
# cancelled 0
# skipped 0
# todo 0
# duration_ms 1792.163315
