/logs/verifier/graded.patch:9: new blank line at EOF.
+
warning: 1 line adds whitespace errors.


<?xml version='1.0' encoding='utf-8'?>
<testsuite name="ch-py-uniq-exact" tests="11" failures="2" errors="0" skipped="0"><testcase name="transported_patch_recorded"><system-out>c5cf47636ab0fb9c4e85ba2c835a43b576f8febd749acc0074e792f66ef23cde</system-out></testcase><testcase name="bounded_visitor_count_function"><system-out>{"function_sha256": "071e1dc292886dd678679da05dba9b5c9a8c3b6ccd60e31c57acf6c522b07a71"}</system-out></testcase><testcase name="bounded_public_contract"><system-out>None</system-out></testcase><testcase name="source_tree_conservation_before_tests"><failure message="AssertionError: source drift: missing=[], added=[], changed=['README.md']">AssertionError: source drift: missing=[], added=[], changed=['README.md']</failure><system-out>AssertionError: source drift: missing=[], added=[], changed=['README.md']</system-out></testcase><testcase name="python_compilation"><system-out>ok</system-out></testcase><testcase name="ruff_lint"><system-out>0</system-out></testcase><testcase name="clickhouse_application_user_is_bounded"><system-out>["GRANT SELECT(active, database, name, rows, `table`) ON system.parts TO meterline", "GRANT SELECT, INSERT, ALTER, CREATE TABLE, DROP TABLE, TRUNCATE, OPTIMIZE, SYSTEM MERGES ON meterline_dev.* TO meterline", "GRANT SELECT, INSERT, ALTER, CREATE TABLE, DROP TABLE, TRUNCATE, OPTIMIZE, SYSTEM MERGES ON meterline_test.* TO meterline"]</system-out></testcase><testcase name="regression_report_tests"><system-out>{"stdout_sha256": "054a587dd1db516cfcf7c086490960165985ce0d854342edbc462ea0037b3026", "tests": 2}</system-out></testcase><testcase name="hidden_report_semantics"><system-out>{"stdout_sha256": "f0d0a65c64dedda4d63f8ff1b8d3efc32d1b64f5fc7eb0603230259a2b4418e7", "tests": 4}</system-out></testcase><testcase name="source_tree_conservation_after_tests"><failure message="AssertionError: source drift: missing=[], added=[], changed=['README.md']">AssertionError: source drift: missing=[], added=[], changed=['README.md']</failure><system-out>AssertionError: source drift: missing=[], added=[], changed=['README.md']</system-out></testcase><testcase name="database_schema_conservation"><system-out>89939704ccb4f72d96c0846a6df9d5760f59b780620f49bfcc54ab714f07407a</system-out></testcase></testsuite>

============================= test session starts ==============================
platform linux -- Python 3.12.7, pytest-8.3.3, pluggy-1.6.0 -- /usr/local/bin/python3.12
rootdir: /app
configfile: pyproject.toml
plugins: anyio-4.15.1
collecting ... collected 4 items

tests/test_ridges_report.py::test_large_exact_cardinality PASSED         [ 25%]
tests/test_ridges_report.py::test_null_is_not_a_visitor PASSED           [ 50%]
tests/test_ridges_report.py::test_zero_duplicates_tenants_and_half_open_bounds PASSED [ 75%]
tests/test_ridges_report.py::test_all_null_and_quoted_tenant PASSED      [100%]

============================== 4 passed in 0.54s ===============================
============================= test session starts ==============================
platform linux -- Python 3.12.7, pytest-8.3.3, pluggy-1.6.0 -- /usr/local/bin/python3.12
rootdir: /app
configfile: pyproject.toml
plugins: anyio-4.15.1
collecting ... collected 2 items

tests/test_report.py::test_small_sample PASSED                           [ 50%]
tests/test_report.py::test_empty_window PASSED                           [100%]

============================== 2 passed in 0.28s ===============================
All checks passed!
