

<?xml version='1.0' encoding='utf-8'?>
<testsuite name="ch-py-argmax-state" tests="7" failures="2"><testcase name="source_tree_conservation_before"><failure message="source paths, modes, or protected content changed">source paths, modes, or protected content changed</failure></testcase><testcase name="bounded_functions" /><testcase name="bounded_constructs" /><testcase name="ruff_lint" /><testcase name="regression_visible" /><testcase name="hidden_behaviour" /><testcase name="source_tree_conservation_after"><failure message="source paths, modes, or protected content changed">source paths, modes, or protected content changed</failure></testcase></testsuite>

============================= test session starts ==============================
platform linux -- Python 3.12.7, pytest-8.3.3, pluggy-1.6.0 -- /usr/local/bin/python3.12
rootdir: /app
configfile: pyproject.toml
plugins: anyio-4.15.1
collecting ... collected 4 items

tests/test_private.py::test_current_state_precedes_online_and_region_filters PASSED [ 25%]
tests/test_private.py::test_version_ties_choose_the_complete_latest_payload PASSED [ 50%]
tests/test_private.py::test_event_time_over_version_precision_parameter_binding_and_freshness PASSED [ 75%]
tests/test_private.py::test_single_query_returns_only_current_rows_and_stable_order PASSED [100%]

==================================== PASSES ====================================
=========================== short test summary info ============================
PASSED tests/test_private.py::test_current_state_precedes_online_and_region_filters
PASSED tests/test_private.py::test_version_ties_choose_the_complete_latest_payload
PASSED tests/test_private.py::test_event_time_over_version_precision_parameter_binding_and_freshness
PASSED tests/test_private.py::test_single_query_returns_only_current_rows_and_stable_order
============================== 4 passed in 0.83s ===============================
All checks passed!
============================= test session starts ==============================
platform linux -- Python 3.12.7, pytest-8.3.3, pluggy-1.6.0 -- /usr/local/bin/python3.12
rootdir: /app
configfile: pyproject.toml
plugins: anyio-4.15.1
collecting ... collected 2 items

tests/test_visible.py::test_simple_online_panel_and_history PASSED       [ 50%]
tests/test_visible.py::test_empty_utility PASSED                         [100%]

==================================== PASSES ====================================
=========================== short test summary info ============================
PASSED tests/test_visible.py::test_simple_online_panel_and_history
PASSED tests/test_visible.py::test_empty_utility
============================== 2 passed in 0.38s ===============================
