

<?xml version='1.0' encoding='utf-8'?>
<testsuite name="ts-knex-window-frame" tests="6" failures="2" errors="0" skipped="0"><testcase name="bounded_function"><system-out>ok</system-out></testcase><testcase name="source_tree_conservation_before_tests"><failure message="AssertionError: editable source mode changed">AssertionError: editable source mode changed</failure><system-out>AssertionError: editable source mode changed</system-out></testcase><testcase name="compilation"><system-out>0</system-out></testcase><testcase name="regression_tests"><system-out>ok</system-out></testcase><testcase name="hidden_behavior"><system-out>ok</system-out></testcase><testcase name="source_tree_conservation_after_tests"><failure message="AssertionError: editable source mode changed">AssertionError: editable source mode changed</failure><system-out>AssertionError: editable source mode changed</system-out></testcase></testsuite>

{"found":1,"originalFound":1,"prefixEqual":true,"suffixEqual":true,"headerEqual":true,"bodyLength":601,"nodes":19,"loops":0,"names":{"result":2,"db":1,"raw":1,"tenant":1,"end":1,"start":1,"rows":1},"properties":{"raw":1,"rows":1},"taggedTemplates":0,"templateText":["SELECT id, account, amount::text, total::text FROM (SELECT id, account, amount, occurred_at, SUM(amount) OVER (PARTITION BY account ORDER BY occurred_at, id ROWS BETWEEN UNBOUNDED PRECEDING AND CURRENT ROW) AS total FROM movements WHERE tenant = ? AND occurred_at < ?) ledger WHERE occurred_at >= ? ORDER BY occurred_at, id"]}
TAP version 13
# Subtest: visible: chronological running total
ok 1 - visible: chronological running total
  ---
  duration_ms: 199.110745
  ...
1..1
# tests 1
# suites 0
# pass 1
# fail 0
# cancelled 0
# skipped 0
# todo 0
# duration_ms 1553.450911
TAP version 13
# Subtest: hidden: peers advance one row at a time
ok 1 - hidden: peers advance one row at a time
  ---
  duration_ms: 252.627089
  ...
# Subtest: hidden: lifetime balance survives display cutoff
ok 2 - hidden: lifetime balance survives display cutoff
  ---
  duration_ms: 47.211422
  ...
# Subtest: hidden: independent partitions and repeated amounts
ok 3 - hidden: independent partitions and repeated amounts
  ---
  duration_ms: 22.648333
  ...
1..3
# tests 3
# suites 0
# pass 3
# fail 0
# cancelled 0
# skipped 0
# todo 0
# duration_ms 1954.80276
