

<?xml version='1.0' encoding='utf-8'?>
<testsuite name="py-psycopg-left-join-filter" tests="7" failures="2"><testcase name="source_tree_conservation_before"><failure message="source paths, modes, or protected content changed">source paths, modes, or protected content changed</failure></testcase><testcase name="bounded_functions" /><testcase name="bounded_constructs" /><testcase name="ruff_lint" /><testcase name="regression_visible" /><testcase name="hidden_behaviour" /><testcase name="source_tree_conservation_after"><failure message="source paths, modes, or protected content changed">source paths, modes, or protected content changed</failure></testcase></testsuite>

============================= test session starts ==============================
platform linux -- Python 3.12.7, pytest-8.3.3, pluggy-1.6.0 -- /usr/local/bin/python3.12
rootdir: /app
configfile: pyproject.toml
plugins: anyio-4.15.1
collecting ... collected 4 items

tests/test_private.py::test_empty_departments_survive PASSED             [ 25%]
tests/test_private.py::test_only_nonqualifying_bookings_preserve_department PASSED [ 50%]
tests/test_private.py::test_equal_minutes_boundaries_and_tenant PASSED   [ 75%]
tests/test_private.py::test_report_is_one_parameterized_statement PASSED [100%]

==================================== PASSES ====================================
=========================== short test summary info ============================
PASSED tests/test_private.py::test_empty_departments_survive
PASSED tests/test_private.py::test_only_nonqualifying_bookings_preserve_department
PASSED tests/test_private.py::test_equal_minutes_boundaries_and_tenant
PASSED tests/test_private.py::test_report_is_one_parameterized_statement
============================== 4 passed in 0.30s ===============================
All checks passed!
============================= test session starts ==============================
platform linux -- Python 3.12.7, pytest-8.3.3, pluggy-1.6.0 -- /usr/local/bin/python3.12
rootdir: /app
configfile: pyproject.toml
plugins: anyio-4.15.1
collecting ... collected 1 item

tests/test_visible.py::test_sample PASSED                                [100%]

==================================== PASSES ====================================
=========================== short test summary info ============================
PASSED tests/test_visible.py::test_sample
============================== 1 passed in 0.10s ===============================
