

<?xml version='1.0' encoding='utf-8'?>
<testsuite name="ts-ch-client-limit-by" tests="6" failures="1" errors="0" skipped="0"><testcase name="bounded_function"><system-out>ok</system-out></testcase><testcase name="source_tree_conservation_before_tests"><system-out>2d576dceff557507afc3bab7f361dd6fdf42583b09aa5f0abea74b24a904b75c</system-out></testcase><testcase name="compilation"><system-out>0</system-out></testcase><testcase name="regression_tests"><system-out>ok</system-out></testcase><testcase name="hidden_behavior"><failure message="AssertionError: TAP version 13&#10;# Subtest: hidden: each category gets its own quota&#10;not ok 1 - hidden: each category gets its own quota&#10;  ---&#10;  duration_ms: 181.113723&#10;  location: '/app/test/ridges_report_hidden.test.ts:1:533'&#10;  failureType: 'testCodeFailure'&#10;  error: |-&#10;    Expected values to be strictly deep-equal:&#10;    + actual - expected&#10;    &#10;      [&#10;        [&#10;          'a',&#10;          1&#10;    -   ],&#10;    -   [&#10;    -     'a',&#10;    -     2&#10;    -   ],&#10;    -   [&#10;    -     'b',&#10;    -     1&#10;    -   ],&#10;    -   [&#10;    -     'b',&#10;    -     2&#10;    -   ],&#10;    -   [&#10;    -     'c',&#10;    -     1&#10;    -   ],&#10;    -   [&#10;    -     'c',&#10;    -     2&#10;        ]&#10;      ]&#10;  code: 'ERR_ASSERTION'&#10;  name: 'AssertionError'&#10;  expected:&#10;    0:&#10;      0: 'a'&#10;      1: 1&#10;    1:&#10;      0: 'a'&#10;      1: 2&#10;    2:&#10;      0: 'b'&#10;      1: 1&#10;    3:&#10;      0: 'b'&#10;      1: 2&#10;    4:&#10;      0: 'c'&#10;      1: 1&#10;    5:&#10;      0: 'c'&#10;      1: 2&#10;  actual:&#10;    0:&#10;      0: 'a'&#10;      1: 1&#10;  operator: 'deepStrictEqual'&#10;  stack: |-&#10;    TestContext.&lt;ano">AssertionError: TAP version 13
# Subtest: hidden: each category gets its own quota
not ok 1 - hidden: each category gets its own quota
  ---
  duration_ms: 181.113723
  location: '/app/test/ridges_report_hidden.test.ts:1:533'
  failureType: 'testCodeFailure'
  error: |-
    Expected values to be strictly deep-equal:
    + actual - expected
    
      [
        [
          'a',
          1
    -   ],
    -   [
    -     'a',
    -     2
    -   ],
    -   [
    -     'b',
    -     1
    -   ],
    -   [
    -     'b',
    -     2
    -   ],
    -   [
    -     'c',
    -     1
    -   ],
    -   [
    -     'c',
    -     2
        ]
      ]
  code: 'ERR_ASSERTION'
  name: 'AssertionError'
  expected:
    0:
      0: 'a'
      1: 1
    1:
      0: 'a'
      1: 2
    2:
      0: 'b'
      1: 1
    3:
      0: 'b'
      1: 2
    4:
      0: 'c'
      1: 1
    5:
      0: 'c'
      1: 2
  actual:
    0:
      0: 'a'
      1: 1
  operator: 'deepStrictEqual'
  stack: |-
    TestContext.&lt;anonymous&gt; (/app/test/ridges_report_hidden.test.ts:11:9)
    process.processTicksAndRejections (node:internal/process/task_queues:95:5)
    async Test.run (node:internal/test_runner/test:797:9)
    async Test.processPendingSubtests (node:internal/test_runner/test:527:7)
  ...
# Subtest: hidden: cutoff ties choose smaller IDs
not ok 2 - hidden: cutoff ties choose smaller IDs
  ---
  duration_ms: 68.85899
  location: '/app/test/ridges_report_hidden.test.ts:1:969'
  failureType: 'testCodeFailure'
  error: |-
    Expected values to be strictly deep-equal:
    + actual - expected
    
      [
        1,
    -   2,
    -   5
      ]
  code: 'ERR_ASSERTION'
  name: 'AssertionError'
  expected:
    0: 1
    1: 2
    2: 5
  actual:
    0: 1
  operator: 'deepStrictEqual'
  stack: |-
    TestContext.&lt;anonymous&gt; (/app/test/ridges_report_hidden.test.ts:17:44)
    process.processTicksAndRejections (node:internal/process/task_queues:95:5)
    async Test.run (node:internal/test_runner/test:797:9)
    async Test.processPendingSubtests (node:internal/test_runner/test:527:7)
  ...
# Subtest: hidden: filter eligibility before ranking
not ok 3 - hidden: filter eligibility before ranking
  ---
  duration_ms: 91.997974
  location: '/app/test/ridges_report_hidden.test.ts:1:1272'
  failureType: 'testCodeFailure'
  error: |-
    Expected values to be strictly deep-equal:
    + actual - expected
    
    + [
    +   {
    +     category: 'x',
    +     id: 3,
    +     score: 0
    +   }
    + ]
    - []
  code: 'ERR_ASSERTION'
  name: 'AssertionError'
  expected:
  actual:
    0:
      category: 'x'
      id: 3
      score: 0
  operator: 'deepStrictEqual'
  stack: |-
    TestContext.&lt;anonymous&gt; (/app/test/ridges_report_hidden.test.ts:23:9)
    process.processTicksAndRejections (node:internal/process/task_queues:95:5)
    async Test.run (node:internal/test_runner/test:797:9)
    async Test.processPendingSubtests (node:internal/test_runner/test:527:7)
  ...
1..3
# tests 3
# suites 0
# pass 0
# fail 3
# cancelled 0
# skipped 0
# todo 0
# duration_ms 1217.581487
</failure><system-out>AssertionError: TAP version 13
# Subtest: hidden: each category gets its own quota
not ok 1 - hidden: each category gets its own quota
  ---
  duration_ms: 181.113723
  location: '/app/test/ridges_report_hidden.test.ts:1:533'
  failureType: 'testCodeFailure'
  error: |-
    Expected values to be strictly deep-equal:
    + actual - expected
    
      [
        [
          'a',
          1
    -   ],
    -   [
    -     'a',
    -     2
    -   ],
    -   [
    -     'b',
    -     1
    -   ],
    -   [
    -     'b',
    -     2
    -   ],
    -   [
    -     'c',
    -     1
    -   ],
    -   [
    -     'c',
    -     2
        ]
      ]
  code: 'ERR_ASSERTION'
  name: 'AssertionError'
  expected:
    0:
      0: 'a'
      1: 1
    1:
      0: 'a'
      1: 2
    2:
      0: 'b'
      1: 1
    3:
      0: 'b'
      1: 2
    4:
      0: 'c'
      1: 1
    5:
      0: 'c'
      1: 2
  actual:
    0:
      0: 'a'
      1: 1
  operator: 'deepStrictEqual'
  stack: |-
    TestContext.&lt;anonymous&gt; (/app/test/ridges_report_hidden.test.ts:11:9)
    process.processTicksAndRejections (node:internal/process/task_queues:95:5)
    async Test.run (node:internal/test_runner/test:797:9)
    async Test.processPendingSubtests (node:internal/test_runner/test:527:7)
  ...
# Subtest: hidden: cutoff ties choose smaller IDs
not ok 2 - hidden: cutoff ties choose smaller IDs
  ---
  duration_ms: 68.85899
  location: '/app/test/ridges_report_hidden.test.ts:1:969'
  failureType: 'testCodeFailure'
  error: |-
    Expected values to be strictly deep-equal:
    + actual - expected
    
      [
        1,
    -   2,
    -   5
      ]
  code: 'ERR_ASSERTION'
  name: 'AssertionError'
  expected:
    0: 1
    1: 2
    2: 5
  actual:
    0: 1
  operator: 'deepStrictEqual'
  stack: |-
    TestContext.&lt;anonymous&gt; (/app/test/ridges_report_hidden.test.ts:17:44)
    process.processTicksAndRejections (node:internal/process/task_queues:95:5)
    async Test.run (node:internal/test_runner/test:797:9)
    async Test.processPendingSubtests (node:internal/test_runner/test:527:7)
  ...
# Subtest: hidden: filter eligibility before ranking
not ok 3 - hidden: filter eligibility before ranking
  ---
  duration_ms: 91.997974
  location: '/app/test/ridges_report_hidden.test.ts:1:1272'
  failureType: 'testCodeFailure'
  error: |-
    Expected values to be strictly deep-equal:
    + actual - expected
    
    + [
    +   {
    +     category: 'x',
    +     id: 3,
    +     score: 0
    +   }
    + ]
    - []
  code: 'ERR_ASSERTION'
  name: 'AssertionError'
  expected:
  actual:
    0:
      category: 'x'
      id: 3
      score: 0
  operator: 'deepStrictEqual'
  stack: |-
    TestContext.&lt;anonymous&gt; (/app/test/ridges_report_hidden.test.ts:23:9)
    process.processTicksAndRejections (node:internal/process/task_queues:95:5)
    async Test.run (node:internal/test_runner/test:797:9)
    async Test.processPendingSubtests (node:internal/test_runner/test:527:7)
  ...
1..3
# tests 3
# suites 0
# pass 0
# fail 3
# cancelled 0
# skipped 0
# todo 0
# duration_ms 1217.581487
</system-out></testcase><testcase name="source_tree_conservation_after_tests"><system-out>2d576dceff557507afc3bab7f361dd6fdf42583b09aa5f0abea74b24a904b75c</system-out></testcase></testsuite>

{"found":1,"originalFound":1,"prefixEqual":true,"suffixEqual":true,"headerEqual":true,"bodyLength":427,"nodes":31,"loops":0,"names":{"result":2,"db":1,"query":2,"query_params":1,"tenant":1,"n":1,"format":1,"json":1,"RankedItem":1},"properties":{"query":1,"json":1},"taggedTemplates":0,"templateText":["SELECT category, id, score FROM items WHERE tenant = {tenant:String} AND active = 1 ORDER BY category, score DESC, id ASC LIMIT 1","JSONEachRow"]}
TAP version 13
# Subtest: visible: highest scoring item
ok 1 - visible: highest scoring item
  ---
  duration_ms: 172.992879
  ...
1..1
# tests 1
# suites 0
# pass 1
# fail 0
# cancelled 0
# skipped 0
# todo 0
# duration_ms 1156.965235
TAP version 13
# Subtest: hidden: each category gets its own quota
not ok 1 - hidden: each category gets its own quota
  ---
  duration_ms: 181.113723
  location: '/app/test/ridges_report_hidden.test.ts:1:533'
  failureType: 'testCodeFailure'
  error: |-
    Expected values to be strictly deep-equal:
    + actual - expected
    
      [
        [
          'a',
          1
    -   ],
    -   [
    -     'a',
    -     2
    -   ],
    -   [
    -     'b',
    -     1
    -   ],
    -   [
    -     'b',
    -     2
    -   ],
    -   [
    -     'c',
    -     1
    -   ],
    -   [
    -     'c',
    -     2
        ]
      ]
  code: 'ERR_ASSERTION'
  name: 'AssertionError'
  expected:
    0:
      0: 'a'
      1: 1
    1:
      0: 'a'
      1: 2
    2:
      0: 'b'
      1: 1
    3:
      0: 'b'
      1: 2
    4:
      0: 'c'
      1: 1
    5:
      0: 'c'
      1: 2
  actual:
    0:
      0: 'a'
      1: 1
  operator: 'deepStrictEqual'
  stack: |-
    TestContext.<anonymous> (/app/test/ridges_report_hidden.test.ts:11:9)
    process.processTicksAndRejections (node:internal/process/task_queues:95:5)
    async Test.run (node:internal/test_runner/test:797:9)
    async Test.processPendingSubtests (node:internal/test_runner/test:527:7)
  ...
# Subtest: hidden: cutoff ties choose smaller IDs
not ok 2 - hidden: cutoff ties choose smaller IDs
  ---
  duration_ms: 68.85899
  location: '/app/test/ridges_report_hidden.test.ts:1:969'
  failureType: 'testCodeFailure'
  error: |-
    Expected values to be strictly deep-equal:
    + actual - expected
    
      [
        1,
    -   2,
    -   5
      ]
  code: 'ERR_ASSERTION'
  name: 'AssertionError'
  expected:
    0: 1
    1: 2
    2: 5
  actual:
    0: 1
  operator: 'deepStrictEqual'
  stack: |-
    TestContext.<anonymous> (/app/test/ridges_report_hidden.test.ts:17:44)
    process.processTicksAndRejections (node:internal/process/task_queues:95:5)
    async Test.run (node:internal/test_runner/test:797:9)
    async Test.processPendingSubtests (node:internal/test_runner/test:527:7)
  ...
# Subtest: hidden: filter eligibility before ranking
not ok 3 - hidden: filter eligibility before ranking
  ---
  duration_ms: 91.997974
  location: '/app/test/ridges_report_hidden.test.ts:1:1272'
  failureType: 'testCodeFailure'
  error: |-
    Expected values to be strictly deep-equal:
    + actual - expected
    
    + [
    +   {
    +     category: 'x',
    +     id: 3,
    +     score: 0
    +   }
    + ]
    - []
  code: 'ERR_ASSERTION'
  name: 'AssertionError'
  expected:
  actual:
    0:
      category: 'x'
      id: 3
      score: 0
  operator: 'deepStrictEqual'
  stack: |-
    TestContext.<anonymous> (/app/test/ridges_report_hidden.test.ts:23:9)
    process.processTicksAndRejections (node:internal/process/task_queues:95:5)
    async Test.run (node:internal/test_runner/test:797:9)
    async Test.processPendingSubtests (node:internal/test_runner/test:527:7)
  ...
1..3
# tests 3
# suites 0
# pass 0
# fail 3
# cancelled 0
# skipped 0
# todo 0
# duration_ms 1217.581487
