

<?xml version='1.0' encoding='utf-8'?>
<testsuite name="ts-ch-client-limit-by" tests="6" failures="0" errors="0" skipped="0"><testcase name="bounded_function"><system-out>ok</system-out></testcase><testcase name="source_tree_conservation_before_tests"><system-out>96d355459e8ac6386eb058a15dc57821b503df011886d7eb16121d521a5d6ebd</system-out></testcase><testcase name="compilation"><system-out>0</system-out></testcase><testcase name="regression_tests"><system-out>ok</system-out></testcase><testcase name="hidden_behavior"><system-out>ok</system-out></testcase><testcase name="source_tree_conservation_after_tests"><system-out>96d355459e8ac6386eb058a15dc57821b503df011886d7eb16121d521a5d6ebd</system-out></testcase></testsuite>

{"found":1,"originalFound":1,"prefixEqual":true,"suffixEqual":true,"headerEqual":true,"bodyLength":448,"nodes":31,"loops":0,"names":{"result":2,"db":1,"query":2,"query_params":1,"tenant":1,"n":1,"format":1,"json":1,"RankedItem":1},"properties":{"query":1,"json":1},"taggedTemplates":0,"templateText":["SELECT category, id, score FROM items WHERE tenant = {tenant:String} AND active = 1 ORDER BY category, score DESC, id ASC LIMIT {n:UInt32} BY category","JSONEachRow"]}
TAP version 13
# Subtest: visible: highest scoring item
ok 1 - visible: highest scoring item
  ---
  duration_ms: 254.729871
  ...
1..1
# tests 1
# suites 0
# pass 1
# fail 0
# cancelled 0
# skipped 0
# todo 0
# duration_ms 1427.881751
TAP version 13
# Subtest: hidden: each category gets its own quota
ok 1 - hidden: each category gets its own quota
  ---
  duration_ms: 198.637619
  ...
# Subtest: hidden: cutoff ties choose smaller IDs
ok 2 - hidden: cutoff ties choose smaller IDs
  ---
  duration_ms: 100.572299
  ...
# Subtest: hidden: filter eligibility before ranking
ok 3 - hidden: filter eligibility before ranking
  ---
  duration_ms: 86.941263
  ...
1..3
# tests 3
# suites 0
# pass 3
# fail 0
# cancelled 0
# skipped 0
# todo 0
# duration_ms 2156.641784
