

<?xml version='1.0' encoding='utf-8'?>
<testsuite name="ts-typeorm-fanout" tests="6" failures="1"><testcase name="source_tree_conservation_before" /><testcase name="bounded_function" /><testcase name="compilation" /><testcase name="regression_visible" /><testcase name="hidden_behaviour"><failure message="TAP version 13&#10;# Subtest: hidden: totals count matching parents and pages contain complete events&#10;not ok 1 - hidden: totals count matching parents and pages contain complete events&#10;  ---&#10;  duration_ms: 521.690741&#10;  location: '/app/test/ridges_hidden.test.ts:1:149'&#10;  failureType: 'testCodeFailure'&#10;  error: |-&#10;    Expected values to be strictly equal:&#10;    &#10;    10 !== 3&#10;    &#10;  code: 'ERR_ASSERTION'&#10;  name: 'AssertionError'&#10;  expected: 3&#10;  actual: 10&#10;  operator: 'strictEqual'&#10;  stack: |-&#10;    TestContext.&lt;anonymous&gt; (/app/test/ridges_hidden.test.ts:15:14)&#10;    process.processTicksAndRejections (node:internal/process/task_queues:95:5)&#10;    async Test.run (node:internal/test_runner/test:797:9)&#10;    async Test.processPendingSubtests (node:internal/test_runner/test:527:7)&#10;  ...&#10;# Subtest: hidden: ticket eligibility retains all child types&#10;not ok 2 - hidden: ticket eligibility retains all child types&#10;  ---&#10;  duration_ms: 141.773748&#10;  location: '/app/test/ridges_hidden.test.ts:1:1255'&#10;  failureType:">TAP version 13
# Subtest: hidden: totals count matching parents and pages contain complete events
not ok 1 - hidden: totals count matching parents and pages contain complete events
  ---
  duration_ms: 521.690741
  location: '/app/test/ridges_hidden.test.ts:1:149'
  failureType: 'testCodeFailure'
  error: |-
    Expected values to be strictly equal:
    
    10 !== 3
    
  code: 'ERR_ASSERTION'
  name: 'AssertionError'
  expected: 3
  actual: 10
  operator: 'strictEqual'
  stack: |-
    TestContext.&lt;anonymous&gt; (/app/test/ridges_hidden.test.ts:15:14)
    process.processTicksAndRejections (node:internal/process/task_queues:95:5)
    async Test.run (node:internal/test_runner/test:797:9)
    async Test.processPendingSubtests (node:internal/test_runner/test:527:7)
  ...
# Subtest: hidden: ticket eligibility retains all child types
not ok 2 - hidden: ticket eligibility retains all child types
  ---
  duration_ms: 141.773748
  location: '/app/test/ridges_hidden.test.ts:1:1255'
  failureType: 'testCodeFailure'
  error: |-
    Expected values to be strictly deep-equal:
    + actual - expected ... Lines skipped
    
      [
        [
    ...
          10,
          true
    -   ],
    -   [
    -     2,
    -     'vip',
    -     20,
    -     true
    -   ],
    -   [
    -     3,
    -     'standard',
    -     0,
    -     false
        ]
      ]
  code: 'ERR_ASSERTION'
  name: 'AssertionError'
  expected:
    0:
      0: 1
      1: 'standard'
      2: 10
      3: true
    1:
      0: 2
      1: 'vip'
      2: 20
      3: true
    2:
      0: 3
      1: 'standard'
      2: 0
      3: false
  actual:
    0:
      0: 1
      1: 'standard'
      2: 10
      3: true
  operator: 'deepStrictEqual'
  stack: |-
    TestContext.&lt;anonymous&gt; (/app/test/ridges_hidden.test.ts:35:10)
    process.processTicksAndRejections (node:internal/process/task_queues:95:5)
    async Test.run (node:internal/test_runner/test:797:9)
    async Test.processPendingSubtests (node:internal/test_runner/test:527:7)
  ...
# Subtest: hidden: stable ties, empty pages, fresh data and bounded work
not ok 3 - hidden: stable ties, empty pages, fresh data and bounded work
  ---
  duration_ms: 167.689618
  location: '/app/test/ridges_hidden.test.ts:1:2119'
  failureType: 'testCodeFailure'
  error: |-
    Expected values to be strictly deep-equal:
    + actual - expected
    
      [
    +   40
    -   10,
    -   20
      ]
  code: 'ERR_ASSERTION'
  name: 'AssertionError'
  expected:
    0: 10
    1: 20
  actual:
    0: 40
  operator: 'deepStrictEqual'
  stack: |-
    TestContext.&lt;anonymous&gt; (/app/test/ridges_hidden.test.ts:57:14)
    process.processTicksAndRejections (node:internal/process/task_queues:95:5)
    async Test.run (node:internal/test_runner/test:797:9)
    async Test.processPendingSubtests (node:internal/test_runner/test:527:7)
  ...
1..3
# tests 3
# suites 0
# pass 0
# fail 3
# cancelled 0
# skipped 0
# todo 0
# duration_ms 4609.023071
</failure></testcase><testcase name="source_tree_conservation_after" /></testsuite>

TAP version 13
# Subtest: hidden: totals count matching parents and pages contain complete events
not ok 1 - hidden: totals count matching parents and pages contain complete events
  ---
  duration_ms: 521.690741
  location: '/app/test/ridges_hidden.test.ts:1:149'
  failureType: 'testCodeFailure'
  error: |-
    Expected values to be strictly equal:
    
    10 !== 3
    
  code: 'ERR_ASSERTION'
  name: 'AssertionError'
  expected: 3
  actual: 10
  operator: 'strictEqual'
  stack: |-
    TestContext.<anonymous> (/app/test/ridges_hidden.test.ts:15:14)
    process.processTicksAndRejections (node:internal/process/task_queues:95:5)
    async Test.run (node:internal/test_runner/test:797:9)
    async Test.processPendingSubtests (node:internal/test_runner/test:527:7)
  ...
# Subtest: hidden: ticket eligibility retains all child types
not ok 2 - hidden: ticket eligibility retains all child types
  ---
  duration_ms: 141.773748
  location: '/app/test/ridges_hidden.test.ts:1:1255'
  failureType: 'testCodeFailure'
  error: |-
    Expected values to be strictly deep-equal:
    + actual - expected ... Lines skipped
    
      [
        [
    ...
          10,
          true
    -   ],
    -   [
    -     2,
    -     'vip',
    -     20,
    -     true
    -   ],
    -   [
    -     3,
    -     'standard',
    -     0,
    -     false
        ]
      ]
  code: 'ERR_ASSERTION'
  name: 'AssertionError'
  expected:
    0:
      0: 1
      1: 'standard'
      2: 10
      3: true
    1:
      0: 2
      1: 'vip'
      2: 20
      3: true
    2:
      0: 3
      1: 'standard'
      2: 0
      3: false
  actual:
    0:
      0: 1
      1: 'standard'
      2: 10
      3: true
  operator: 'deepStrictEqual'
  stack: |-
    TestContext.<anonymous> (/app/test/ridges_hidden.test.ts:35:10)
    process.processTicksAndRejections (node:internal/process/task_queues:95:5)
    async Test.run (node:internal/test_runner/test:797:9)
    async Test.processPendingSubtests (node:internal/test_runner/test:527:7)
  ...
# Subtest: hidden: stable ties, empty pages, fresh data and bounded work
not ok 3 - hidden: stable ties, empty pages, fresh data and bounded work
  ---
  duration_ms: 167.689618
  location: '/app/test/ridges_hidden.test.ts:1:2119'
  failureType: 'testCodeFailure'
  error: |-
    Expected values to be strictly deep-equal:
    + actual - expected
    
      [
    +   40
    -   10,
    -   20
      ]
  code: 'ERR_ASSERTION'
  name: 'AssertionError'
  expected:
    0: 10
    1: 20
  actual:
    0: 40
  operator: 'deepStrictEqual'
  stack: |-
    TestContext.<anonymous> (/app/test/ridges_hidden.test.ts:57:14)
    process.processTicksAndRejections (node:internal/process/task_queues:95:5)
    async Test.run (node:internal/test_runner/test:797:9)
    async Test.processPendingSubtests (node:internal/test_runner/test:527:7)
  ...
1..3
# tests 3
# suites 0
# pass 0
# fail 3
# cancelled 0
# skipped 0
# todo 0
# duration_ms 4609.023071
TAP version 13
# Subtest: visible: one published event and editor kinds
ok 1 - visible: one published event and editor kinds
  ---
  duration_ms: 568.290855
  ...
# Subtest: visible: absent tenant and invalid page
ok 2 - visible: absent tenant and invalid page
  ---
  duration_ms: 147.572966
  ...
1..2
# tests 2
# suites 0
# pass 2
# fail 0
# cancelled 0
# skipped 0
# todo 0
# duration_ms 4853.480916
