

<?xml version='1.0' encoding='utf-8'?>
<testsuite name="ts-typeorm-fanout" tests="6" failures="1"><testcase name="source_tree_conservation_before" /><testcase name="bounded_function" /><testcase name="compilation" /><testcase name="regression_visible" /><testcase name="hidden_behaviour"><failure message="TAP version 13&#10;# Subtest: hidden: totals count matching parents and pages contain complete events&#10;ok 1 - hidden: totals count matching parents and pages contain complete events&#10;  ---&#10;  duration_ms: 654.367626&#10;  ...&#10;# Subtest: hidden: ticket eligibility retains all child types&#10;not ok 2 - hidden: ticket eligibility retains all child types&#10;  ---&#10;  duration_ms: 151.588069&#10;  location: '/app/test/ridges_hidden.test.ts:1:1255'&#10;  failureType: 'testCodeFailure'&#10;  error: |-&#10;    Expected values to be strictly deep-equal:&#10;    + actual - expected ... Lines skipped&#10;    &#10;      [&#10;        [&#10;    ...&#10;          10,&#10;          true&#10;    -   ],&#10;    -   [&#10;    -     2,&#10;    -     'vip',&#10;    -     20,&#10;    -     true&#10;    -   ],&#10;    -   [&#10;    -     3,&#10;    -     'standard',&#10;    -     0,&#10;    -     false&#10;        ]&#10;      ]&#10;  code: 'ERR_ASSERTION'&#10;  name: 'AssertionError'&#10;  expected:&#10;    0:&#10;      0: 1&#10;      1: 'standard'&#10;      2: 10&#10;      3: true&#10;    1:&#10;      0: 2&#10;      1: 'vip'&#10;      2: 20&#10;      3: true&#10;    2:&#10;      0:">TAP version 13
# Subtest: hidden: totals count matching parents and pages contain complete events
ok 1 - hidden: totals count matching parents and pages contain complete events
  ---
  duration_ms: 654.367626
  ...
# Subtest: hidden: ticket eligibility retains all child types
not ok 2 - hidden: ticket eligibility retains all child types
  ---
  duration_ms: 151.588069
  location: '/app/test/ridges_hidden.test.ts:1:1255'
  failureType: 'testCodeFailure'
  error: |-
    Expected values to be strictly deep-equal:
    + actual - expected ... Lines skipped
    
      [
        [
    ...
          10,
          true
    -   ],
    -   [
    -     2,
    -     'vip',
    -     20,
    -     true
    -   ],
    -   [
    -     3,
    -     'standard',
    -     0,
    -     false
        ]
      ]
  code: 'ERR_ASSERTION'
  name: 'AssertionError'
  expected:
    0:
      0: 1
      1: 'standard'
      2: 10
      3: true
    1:
      0: 2
      1: 'vip'
      2: 20
      3: true
    2:
      0: 3
      1: 'standard'
      2: 0
      3: false
  actual:
    0:
      0: 1
      1: 'standard'
      2: 10
      3: true
  operator: 'deepStrictEqual'
  stack: |-
    TestContext.&lt;anonymous&gt; (/app/test/ridges_hidden.test.ts:35:10)
    process.processTicksAndRejections (node:internal/process/task_queues:95:5)
    async Test.run (node:internal/test_runner/test:797:9)
    async Test.processPendingSubtests (node:internal/test_runner/test:527:7)
  ...
# Subtest: hidden: stable ties, empty pages, fresh data and bounded work
ok 3 - hidden: stable ties, empty pages, fresh data and bounded work
  ---
  duration_ms: 294.651524
  ...
1..3
# tests 3
# suites 0
# pass 2
# fail 1
# cancelled 0
# skipped 0
# todo 0
# duration_ms 4991.310911
</failure></testcase><testcase name="source_tree_conservation_after" /></testsuite>

TAP version 13
# Subtest: hidden: totals count matching parents and pages contain complete events
ok 1 - hidden: totals count matching parents and pages contain complete events
  ---
  duration_ms: 654.367626
  ...
# Subtest: hidden: ticket eligibility retains all child types
not ok 2 - hidden: ticket eligibility retains all child types
  ---
  duration_ms: 151.588069
  location: '/app/test/ridges_hidden.test.ts:1:1255'
  failureType: 'testCodeFailure'
  error: |-
    Expected values to be strictly deep-equal:
    + actual - expected ... Lines skipped
    
      [
        [
    ...
          10,
          true
    -   ],
    -   [
    -     2,
    -     'vip',
    -     20,
    -     true
    -   ],
    -   [
    -     3,
    -     'standard',
    -     0,
    -     false
        ]
      ]
  code: 'ERR_ASSERTION'
  name: 'AssertionError'
  expected:
    0:
      0: 1
      1: 'standard'
      2: 10
      3: true
    1:
      0: 2
      1: 'vip'
      2: 20
      3: true
    2:
      0: 3
      1: 'standard'
      2: 0
      3: false
  actual:
    0:
      0: 1
      1: 'standard'
      2: 10
      3: true
  operator: 'deepStrictEqual'
  stack: |-
    TestContext.<anonymous> (/app/test/ridges_hidden.test.ts:35:10)
    process.processTicksAndRejections (node:internal/process/task_queues:95:5)
    async Test.run (node:internal/test_runner/test:797:9)
    async Test.processPendingSubtests (node:internal/test_runner/test:527:7)
  ...
# Subtest: hidden: stable ties, empty pages, fresh data and bounded work
ok 3 - hidden: stable ties, empty pages, fresh data and bounded work
  ---
  duration_ms: 294.651524
  ...
1..3
# tests 3
# suites 0
# pass 2
# fail 1
# cancelled 0
# skipped 0
# todo 0
# duration_ms 4991.310911
TAP version 13
# Subtest: visible: one published event and editor kinds
ok 1 - visible: one published event and editor kinds
  ---
  duration_ms: 497.491074
  ...
# Subtest: visible: absent tenant and invalid page
ok 2 - visible: absent tenant and invalid page
  ---
  duration_ms: 152.676706
  ...
1..2
# tests 2
# suites 0
# pass 2
# fail 0
# cancelled 0
# skipped 0
# todo 0
# duration_ms 4486.878032
