
> stagepass@1.0.0 test
> tsx --test test/*.test.ts

TAP version 13
# Subtest: visible: one published event and editor kinds
ok 1 - visible: one published event and editor kinds
  ---
  duration_ms: 552.314798
  ...
# Subtest: visible: absent tenant and invalid page
ok 2 - visible: absent tenant and invalid page
  ---
  duration_ms: 123.688804
  ...
1..2
# tests 2
# suites 0
# pass 2
# fail 0
# cancelled 0
# skipped 0
# todo 0
# duration_ms 4057.250787

> stagepass@1.0.0 typecheck
> tsc --noEmit

