

<?xml version='1.0' encoding='utf-8'?>
<testsuite name="ts-typeorm-fanout" tests="6" failures="0"><testcase name="source_tree_conservation_before" /><testcase name="bounded_function" /><testcase name="compilation" /><testcase name="regression_visible" /><testcase name="hidden_behaviour" /><testcase name="source_tree_conservation_after" /></testsuite>

TAP version 13
# Subtest: hidden: totals count matching parents and pages contain complete events
ok 1 - hidden: totals count matching parents and pages contain complete events
  ---
  duration_ms: 646.915143
  ...
# Subtest: hidden: ticket eligibility retains all child types
ok 2 - hidden: ticket eligibility retains all child types
  ---
  duration_ms: 197.854864
  ...
# Subtest: hidden: stable ties, empty pages, fresh data and bounded work
ok 3 - hidden: stable ties, empty pages, fresh data and bounded work
  ---
  duration_ms: 374.225169
  ...
1..3
# tests 3
# suites 0
# pass 3
# fail 0
# cancelled 0
# skipped 0
# todo 0
# duration_ms 5764.511772
TAP version 13
# Subtest: visible: one published event and editor kinds
ok 1 - visible: one published event and editor kinds
  ---
  duration_ms: 566.740787
  ...
# Subtest: visible: absent tenant and invalid page
ok 2 - visible: absent tenant and invalid page
  ---
  duration_ms: 109.426146
  ...
1..2
# tests 2
# suites 0
# pass 2
# fail 0
# cancelled 0
# skipped 0
# todo 0
# duration_ms 4306.958398
