

<?xml version='1.0' encoding='utf-8'?>
<testsuite name="ts-typeorm-fanout" tests="6" failures="2"><testcase name="source_tree_conservation_before"><failure message="source paths, modes, or protected content changed">source paths, modes, or protected content changed</failure></testcase><testcase name="bounded_function" /><testcase name="compilation" /><testcase name="regression_visible" /><testcase name="hidden_behaviour" /><testcase name="source_tree_conservation_after"><failure message="source paths, modes, or protected content changed">source paths, modes, or protected content changed</failure></testcase></testsuite>

TAP version 13
# Subtest: hidden: totals count matching parents and pages contain complete events
ok 1 - hidden: totals count matching parents and pages contain complete events
  ---
  duration_ms: 739.826022
  ...
# Subtest: hidden: ticket eligibility retains all child types
ok 2 - hidden: ticket eligibility retains all child types
  ---
  duration_ms: 141.767745
  ...
# Subtest: hidden: stable ties, empty pages, fresh data and bounded work
ok 3 - hidden: stable ties, empty pages, fresh data and bounded work
  ---
  duration_ms: 334.828169
  ...
1..3
# tests 3
# suites 0
# pass 3
# fail 0
# cancelled 0
# skipped 0
# todo 0
# duration_ms 5778.331161
TAP version 13
# Subtest: visible: one published event and editor kinds
ok 1 - visible: one published event and editor kinds
  ---
  duration_ms: 559.13525
  ...
# Subtest: visible: absent tenant and invalid page
ok 2 - visible: absent tenant and invalid page
  ---
  duration_ms: 107.677646
  ...
1..2
# tests 2
# suites 0
# pass 2
# fail 0
# cancelled 0
# skipped 0
# todo 0
# duration_ms 5240.534553
