

<?xml version='1.0' encoding='utf-8'?>
<testsuite name="ts-ch-client-limit-by" tests="6" failures="1" errors="0" skipped="0"><testcase name="bounded_function"><system-out>ok</system-out></testcase><testcase name="source_tree_conservation_before_tests"><system-out>39c88c758c5a91c05258a4d6a5a6f295895ab96a29f09ad080170e384acb3c9b</system-out></testcase><testcase name="compilation"><system-out>0</system-out></testcase><testcase name="regression_tests"><system-out>ok</system-out></testcase><testcase name="hidden_behavior"><failure message="AssertionError: TAP version 13&#10;# Subtest: hidden: each category gets its own quota&#10;ok 1 - hidden: each category gets its own quota&#10;  ---&#10;  duration_ms: 250.810976&#10;  ...&#10;# Subtest: hidden: cutoff ties choose smaller IDs&#10;not ok 2 - hidden: cutoff ties choose smaller IDs&#10;  ---&#10;  duration_ms: 119.117666&#10;  location: '/app/test/ridges_report_hidden.test.ts:1:969'&#10;  failureType: 'testCodeFailure'&#10;  error: |-&#10;    Expected values to be strictly deep-equal:&#10;    + actual - expected&#10;    &#10;      [&#10;    +   9,&#10;    +   7,&#10;    -   1,&#10;    -   2,&#10;        5&#10;      ]&#10;  code: 'ERR_ASSERTION'&#10;  name: 'AssertionError'&#10;  expected:&#10;    0: 1&#10;    1: 2&#10;    2: 5&#10;  actual:&#10;    0: 9&#10;    1: 7&#10;    2: 5&#10;  operator: 'deepStrictEqual'&#10;  stack: |-&#10;    TestContext.&lt;anonymous&gt; (/app/test/ridges_report_hidden.test.ts:17:44)&#10;    process.processTicksAndRejections (node:internal/process/task_queues:95:5)&#10;    async Test.run (node:internal/test_runner/test:797:9)&#10;    async Test.processPendingSubtests (node:internal/test_runner/test:">AssertionError: TAP version 13
# Subtest: hidden: each category gets its own quota
ok 1 - hidden: each category gets its own quota
  ---
  duration_ms: 250.810976
  ...
# Subtest: hidden: cutoff ties choose smaller IDs
not ok 2 - hidden: cutoff ties choose smaller IDs
  ---
  duration_ms: 119.117666
  location: '/app/test/ridges_report_hidden.test.ts:1:969'
  failureType: 'testCodeFailure'
  error: |-
    Expected values to be strictly deep-equal:
    + actual - expected
    
      [
    +   9,
    +   7,
    -   1,
    -   2,
        5
      ]
  code: 'ERR_ASSERTION'
  name: 'AssertionError'
  expected:
    0: 1
    1: 2
    2: 5
  actual:
    0: 9
    1: 7
    2: 5
  operator: 'deepStrictEqual'
  stack: |-
    TestContext.&lt;anonymous&gt; (/app/test/ridges_report_hidden.test.ts:17:44)
    process.processTicksAndRejections (node:internal/process/task_queues:95:5)
    async Test.run (node:internal/test_runner/test:797:9)
    async Test.processPendingSubtests (node:internal/test_runner/test:527:7)
  ...
# Subtest: hidden: filter eligibility before ranking
ok 3 - hidden: filter eligibility before ranking
  ---
  duration_ms: 202.444142
  ...
1..3
# tests 3
# suites 0
# pass 2
# fail 1
# cancelled 0
# skipped 0
# todo 0
# duration_ms 1747.778458
</failure><system-out>AssertionError: TAP version 13
# Subtest: hidden: each category gets its own quota
ok 1 - hidden: each category gets its own quota
  ---
  duration_ms: 250.810976
  ...
# Subtest: hidden: cutoff ties choose smaller IDs
not ok 2 - hidden: cutoff ties choose smaller IDs
  ---
  duration_ms: 119.117666
  location: '/app/test/ridges_report_hidden.test.ts:1:969'
  failureType: 'testCodeFailure'
  error: |-
    Expected values to be strictly deep-equal:
    + actual - expected
    
      [
    +   9,
    +   7,
    -   1,
    -   2,
        5
      ]
  code: 'ERR_ASSERTION'
  name: 'AssertionError'
  expected:
    0: 1
    1: 2
    2: 5
  actual:
    0: 9
    1: 7
    2: 5
  operator: 'deepStrictEqual'
  stack: |-
    TestContext.&lt;anonymous&gt; (/app/test/ridges_report_hidden.test.ts:17:44)
    process.processTicksAndRejections (node:internal/process/task_queues:95:5)
    async Test.run (node:internal/test_runner/test:797:9)
    async Test.processPendingSubtests (node:internal/test_runner/test:527:7)
  ...
# Subtest: hidden: filter eligibility before ranking
ok 3 - hidden: filter eligibility before ranking
  ---
  duration_ms: 202.444142
  ...
1..3
# tests 3
# suites 0
# pass 2
# fail 1
# cancelled 0
# skipped 0
# todo 0
# duration_ms 1747.778458
</system-out></testcase><testcase name="source_tree_conservation_after_tests"><system-out>39c88c758c5a91c05258a4d6a5a6f295895ab96a29f09ad080170e384acb3c9b</system-out></testcase></testsuite>

{"found":1,"originalFound":1,"prefixEqual":true,"suffixEqual":true,"headerEqual":true,"bodyLength":449,"nodes":31,"loops":0,"names":{"result":2,"db":1,"query":2,"query_params":1,"tenant":1,"n":1,"format":1,"json":1,"RankedItem":1},"properties":{"query":1,"json":1},"taggedTemplates":0,"templateText":["SELECT category, id, score FROM items WHERE tenant = {tenant:String} AND active = 1 ORDER BY category, score DESC, id DESC LIMIT {n:UInt32} BY category","JSONEachRow"]}
TAP version 13
# Subtest: visible: highest scoring item
ok 1 - visible: highest scoring item
  ---
  duration_ms: 222.542643
  ...
1..1
# tests 1
# suites 0
# pass 1
# fail 0
# cancelled 0
# skipped 0
# todo 0
# duration_ms 1425.252048
TAP version 13
# Subtest: hidden: each category gets its own quota
ok 1 - hidden: each category gets its own quota
  ---
  duration_ms: 250.810976
  ...
# Subtest: hidden: cutoff ties choose smaller IDs
not ok 2 - hidden: cutoff ties choose smaller IDs
  ---
  duration_ms: 119.117666
  location: '/app/test/ridges_report_hidden.test.ts:1:969'
  failureType: 'testCodeFailure'
  error: |-
    Expected values to be strictly deep-equal:
    + actual - expected
    
      [
    +   9,
    +   7,
    -   1,
    -   2,
        5
      ]
  code: 'ERR_ASSERTION'
  name: 'AssertionError'
  expected:
    0: 1
    1: 2
    2: 5
  actual:
    0: 9
    1: 7
    2: 5
  operator: 'deepStrictEqual'
  stack: |-
    TestContext.<anonymous> (/app/test/ridges_report_hidden.test.ts:17:44)
    process.processTicksAndRejections (node:internal/process/task_queues:95:5)
    async Test.run (node:internal/test_runner/test:797:9)
    async Test.processPendingSubtests (node:internal/test_runner/test:527:7)
  ...
# Subtest: hidden: filter eligibility before ranking
ok 3 - hidden: filter eligibility before ranking
  ---
  duration_ms: 202.444142
  ...
1..3
# tests 3
# suites 0
# pass 2
# fail 1
# cancelled 0
# skipped 0
# todo 0
# duration_ms 1747.778458
