

<?xml version='1.0' encoding='utf-8'?>
<testsuite name="py-sqla-partial-index" tests="7" failures="2"><testcase name="source_tree_conservation_before"><failure message="source paths, modes, or protected content changed">source paths, modes, or protected content changed</failure></testcase><testcase name="bounded_functions" /><testcase name="bounded_constructs" /><testcase name="ruff_lint" /><testcase name="regression_visible" /><testcase name="hidden_behaviour" /><testcase name="source_tree_conservation_after"><failure message="source paths, modes, or protected content changed">source paths, modes, or protected content changed</failure></testcase></testsuite>

============================= test session starts ==============================
platform linux -- Python 3.12.7, pytest-8.3.3, pluggy-1.6.0 -- /usr/local/bin/python3.12
rootdir: /app
configfile: pyproject.toml
plugins: anyio-4.15.1
collecting ... collected 2 items

tests/test_private.py::test_partial_index_used_and_work_bounded PASSED   [ 50%]
tests/test_private.py::test_upgrade_downgrade_conserve_schema_and_results PASSED [100%]

==================================== PASSES ====================================
=========================== short test summary info ============================
PASSED tests/test_private.py::test_partial_index_used_and_work_bounded
PASSED tests/test_private.py::test_upgrade_downgrade_conserve_schema_and_results
============================== 2 passed in 5.72s ===============================
All checks passed!
============================= test session starts ==============================
platform linux -- Python 3.12.7, pytest-8.3.3, pluggy-1.6.0 -- /usr/local/bin/python3.12
rootdir: /app
configfile: pyproject.toml
plugins: anyio-4.15.1
collecting ... collected 2 items

tests/test_visible.py::test_sample PASSED                                [ 50%]
tests/test_visible.py::test_upgrade_and_downgrade PASSED                 [100%]

==================================== PASSES ====================================
=========================== short test summary info ============================
PASSED tests/test_visible.py::test_sample
PASSED tests/test_visible.py::test_upgrade_and_downgrade
============================== 2 passed in 0.63s ===============================
