

<?xml version='1.0' encoding='utf-8'?>
<testsuite name="ch-py-join-defaults" tests="10" failures="1" errors="0" skipped="0"><testcase name="transported_patch_recorded"><system-out>e3b0c44298fc1c149afbf4c8996fb92427ae41e4649b934ca495991b7852b855</system-out></testcase><testcase name="bounded_public_contract"><system-out>None</system-out></testcase><testcase name="source_tree_conservation_before_tests"><system-out>99f6e9a63ecd0a3e691b09bdca3607e8ce5b839cbc85ac3283ddcb9dd01e5dc5</system-out></testcase><testcase name="python_compilation"><system-out>ok</system-out></testcase><testcase name="ruff_lint"><system-out>0</system-out></testcase><testcase name="clickhouse_application_user_is_bounded"><system-out>["GRANT SELECT(active, database, name, rows, `table`) ON system.parts TO meterline", "GRANT SELECT, INSERT, ALTER, CREATE TABLE, DROP TABLE, TRUNCATE, OPTIMIZE, SYSTEM MERGES ON meterline_dev.* TO meterline", "GRANT SELECT, INSERT, ALTER, CREATE TABLE, DROP TABLE, TRUNCATE, OPTIMIZE, SYSTEM MERGES ON meterline_test.* TO meterline"]</system-out></testcase><testcase name="regression_report_tests"><system-out>{"stdout_sha256": "dfffb8b6e88f3e95ae2611ee94399949294e226b08aec5d433762b20897382e6", "tests": 2}</system-out></testcase><testcase name="hidden_report_semantics"><failure message="AssertionError: test command failed (1); tail=-4.15.1&#10;collecting ... collected 4 items&#10;&#10;tests/test_ridges_report.py::test_missing_and_valid_zero_identifier FAILED [ 25%]&#10;tests/test_ridges_report.py::test_empty_label_is_registered FAILED       [ 50%]&#10;tests/test_ridges_report.py::test_disabled_cross_tenant_order_and_empty_code FAILED [ 75%]&#10;tests/test_ridges_report.py::test_repeated_events_and_quoted_tenant FAILED [100%]&#10;&#10;=================================== FAILURES ===================================&#10;____________________ test_missing_and_valid_zero_identifier ____________________&#10;&#10;ch = &lt;observatory.chclient.ClickHouse object at 0x75ac6d0fca40&gt;&#10;&#10;    def test_missing_and_valid_zero_identifier(ch):&#10;        ch.command(&quot;INSERT INTO devices VALUES ('target', 'real-zero', 0, 'normal', 1)&quot;)&#10;        ch.command(&quot;INSERT INTO events VALUES ('target', 8, 'missing'), ('target', 3, 'real-zero')&quot;)&#10;&gt;       assert missing_devices(ch, 'target') == [{'event_id': 8, 'device': 'missing'}]&#10;E       AssertionEr">AssertionError: test command failed (1); tail=-4.15.1
collecting ... collected 4 items

tests/test_ridges_report.py::test_missing_and_valid_zero_identifier FAILED [ 25%]
tests/test_ridges_report.py::test_empty_label_is_registered FAILED       [ 50%]
tests/test_ridges_report.py::test_disabled_cross_tenant_order_and_empty_code FAILED [ 75%]
tests/test_ridges_report.py::test_repeated_events_and_quoted_tenant FAILED [100%]

=================================== FAILURES ===================================
____________________ test_missing_and_valid_zero_identifier ____________________

ch = &lt;observatory.chclient.ClickHouse object at 0x75ac6d0fca40&gt;

    def test_missing_and_valid_zero_identifier(ch):
        ch.command("INSERT INTO devices VALUES ('target', 'real-zero', 0, 'normal', 1)")
        ch.command("INSERT INTO events VALUES ('target', 8, 'missing'), ('target', 3, 'real-zero')")
&gt;       assert missing_devices(ch, 'target') == [{'event_id': 8, 'device': 'missing'}]
E       AssertionError: assert [] == [{'device': '...event_id': 8}]
E         
E         Right contains one more item: {'device': 'missing', 'event_id': 8}
E         
E         Full diff:
E         + []
E         - [
E         -     {...
E         
E         ...Full output truncated (4 lines hidden), use '-vv' to show

tests/test_ridges_report.py:7: AssertionError
________________________ test_empty_label_is_registered ________________________

ch = &lt;observatory.chclient.ClickHouse object at 0x75ac6d0fca40&gt;

    def test_empty_label_is_registered(ch):
        ch.command("INSERT INTO devices VALUES ('target', 'blank-label', 90, '', 1)")
        ch.command("INSERT INTO events VALUES ('target', 10, 'absent'), ('target', 2, 'blank-label')")
&gt;       assert missing_devices(ch, 'target') == [{'event_id': 10, 'device': 'absent'}]
E       AssertionError: assert [] == [{'device': '...vent_id': 10}]
E         
E         Right contains one more item: {'device': 'absent', 'event_id': 10}
E         
E         Full diff:
E         + []
E         - [
E         -     {...
E         
E         ...Full output truncated (4 lines hidden), use '-vv' to show

tests/test_ridges_report.py:12: AssertionError
_______________ test_disabled_cross_tenant_order_and_empty_code ________________

ch = &lt;observatory.chclient.ClickHouse object at 0x75ac6d0fca40&gt;

    def test_disabled_cross_tenant_order_and_empty_code(ch):
        ch.command("INSERT INTO devices VALUES ('other', 'cross', 11, 'x', 1), ('target', 'disabled', 7, 'x', 0), ('target', '', 9, '', 1)")
        ch.command("INSERT INTO events VALUES ('target', 40, 'cross'), ('target', 9, 'disabled'), ('target', 12, 'unknown'), ('target', 3, ''), ('other', 1, 'unknown')")
&gt;       assert missing_devices(ch, 'target') == [{'event_id': 9, 'device': 'disabled'}, {'event_id': 12, 'device': 'unknown'}, {'event_id': 40, 'device': 'cross'}]
E       AssertionError: assert [] == [{'device': '...vent_id': 40}]
E         
E         Right contains 3 more items, first extra item: {'device': 'disabled', 'event_id': 9}
E         
E         Full diff:
E         + []
E         - [
E         -     {...
E         
E         ...Full output truncated (12 lines hidden), use '-vv' to show

tests/test_ridges_report.py:17: AssertionError
____________________ test_repeated_events_and_quoted_tenant ____________________

ch = &lt;observatory.chclient.ClickHouse object at 0x75ac6d0fca40&gt;

    def test_repeated_events_and_quoted_tenant(ch):
        ch.insert('events', [{'tenant': "reader's", 'event_id': i, 'device': 'gone'} for i in (5,2)])
&gt;       assert missing_devices(ch, "reader's") == [{'event_id': 2, 'device': 'gone'}, {'event_id': 5, 'device': 'gone'}]
E       AssertionError: assert [] == [{'device': '...event_id': 5}]
E         
E         Right contains 2 more items, first extra item: {'device': 'gone', 'event_id': 2}
E         
E         Full diff:
E         + []
E         - [
E         -     {...
E         
E         ...Full output truncated (8 lines hidden), use '-vv' to show

tests/test_ridges_report.py:21: AssertionError
=========================== short test summary info ============================
FAILED tests/test_ridges_report.py::test_missing_and_valid_zero_identifier - ...
FAILED tests/test_ridges_report.py::test_empty_label_is_registered - Assertio...
FAILED tests/test_ridges_report.py::test_disabled_cross_tenant_order_and_empty_code
FAILED tests/test_ridges_report.py::test_repeated_events_and_quoted_tenant - ...
============================== 4 failed in 0.54s ===============================
</failure><system-out>AssertionError: test command failed (1); tail=-4.15.1
collecting ... collected 4 items

tests/test_ridges_report.py::test_missing_and_valid_zero_identifier FAILED [ 25%]
tests/test_ridges_report.py::test_empty_label_is_registered FAILED       [ 50%]
tests/test_ridges_report.py::test_disabled_cross_tenant_order_and_empty_code FAILED [ 75%]
tests/test_ridges_report.py::test_repeated_events_and_quoted_tenant FAILED [100%]

=================================== FAILURES ===================================
____________________ test_missing_and_valid_zero_identifier ____________________

ch = &lt;observatory.chclient.ClickHouse object at 0x75ac6d0fca40&gt;

    def test_missing_and_valid_zero_identifier(ch):
        ch.command("INSERT INTO devices VALUES ('target', 'real-zero', 0, 'normal', 1)")
        ch.command("INSERT INTO events VALUES ('target', 8, 'missing'), ('target', 3, 'real-zero')")
&gt;       assert missing_devices(ch, 'target') == [{'event_id': 8, 'device': 'missing'}]
E       AssertionError: assert [] == [{'device': '...event_id': 8}]
E         
E         Right contains one more item: {'device': 'missing', 'event_id': 8}
E         
E         Full diff:
E         + []
E         - [
E         -     {...
E         
E         ...Full output truncated (4 lines hidden), use '-vv' to show

tests/test_ridges_report.py:7: AssertionError
________________________ test_empty_label_is_registered ________________________

ch = &lt;observatory.chclient.ClickHouse object at 0x75ac6d0fca40&gt;

    def test_empty_label_is_registered(ch):
        ch.command("INSERT INTO devices VALUES ('target', 'blank-label', 90, '', 1)")
        ch.command("INSERT INTO events VALUES ('target', 10, 'absent'), ('target', 2, 'blank-label')")
&gt;       assert missing_devices(ch, 'target') == [{'event_id': 10, 'device': 'absent'}]
E       AssertionError: assert [] == [{'device': '...vent_id': 10}]
E         
E         Right contains one more item: {'device': 'absent', 'event_id': 10}
E         
E         Full diff:
E         + []
E         - [
E         -     {...
E         
E         ...Full output truncated (4 lines hidden), use '-vv' to show

tests/test_ridges_report.py:12: AssertionError
_______________ test_disabled_cross_tenant_order_and_empty_code ________________

ch = &lt;observatory.chclient.ClickHouse object at 0x75ac6d0fca40&gt;

    def test_disabled_cross_tenant_order_and_empty_code(ch):
        ch.command("INSERT INTO devices VALUES ('other', 'cross', 11, 'x', 1), ('target', 'disabled', 7, 'x', 0), ('target', '', 9, '', 1)")
        ch.command("INSERT INTO events VALUES ('target', 40, 'cross'), ('target', 9, 'disabled'), ('target', 12, 'unknown'), ('target', 3, ''), ('other', 1, 'unknown')")
&gt;       assert missing_devices(ch, 'target') == [{'event_id': 9, 'device': 'disabled'}, {'event_id': 12, 'device': 'unknown'}, {'event_id': 40, 'device': 'cross'}]
E       AssertionError: assert [] == [{'device': '...vent_id': 40}]
E         
E         Right contains 3 more items, first extra item: {'device': 'disabled', 'event_id': 9}
E         
E         Full diff:
E         + []
E         - [
E         -     {...
E         
E         ...Full output truncated (12 lines hidden), use '-vv' to show

tests/test_ridges_report.py:17: AssertionError
____________________ test_repeated_events_and_quoted_tenant ____________________

ch = &lt;observatory.chclient.ClickHouse object at 0x75ac6d0fca40&gt;

    def test_repeated_events_and_quoted_tenant(ch):
        ch.insert('events', [{'tenant': "reader's", 'event_id': i, 'device': 'gone'} for i in (5,2)])
&gt;       assert missing_devices(ch, "reader's") == [{'event_id': 2, 'device': 'gone'}, {'event_id': 5, 'device': 'gone'}]
E       AssertionError: assert [] == [{'device': '...event_id': 5}]
E         
E         Right contains 2 more items, first extra item: {'device': 'gone', 'event_id': 2}
E         
E         Full diff:
E         + []
E         - [
E         -     {...
E         
E         ...Full output truncated (8 lines hidden), use '-vv' to show

tests/test_ridges_report.py:21: AssertionError
=========================== short test summary info ============================
FAILED tests/test_ridges_report.py::test_missing_and_valid_zero_identifier - ...
FAILED tests/test_ridges_report.py::test_empty_label_is_registered - Assertio...
FAILED tests/test_ridges_report.py::test_disabled_cross_tenant_order_and_empty_code
FAILED tests/test_ridges_report.py::test_repeated_events_and_quoted_tenant - ...
============================== 4 failed in 0.54s ===============================
</system-out></testcase><testcase name="source_tree_conservation_after_tests"><system-out>99f6e9a63ecd0a3e691b09bdca3607e8ce5b839cbc85ac3283ddcb9dd01e5dc5</system-out></testcase><testcase name="database_schema_conservation"><system-out>4907f044f92a808ed4c7ddabc5263cd984e6d0de69b5994bd5b1835b74a18720</system-out></testcase></testsuite>

============================= test session starts ==============================
platform linux -- Python 3.12.7, pytest-8.3.3, pluggy-1.6.0 -- /usr/local/bin/python3.12
rootdir: /app
configfile: pyproject.toml
plugins: anyio-4.15.1
collecting ... collected 4 items

tests/test_ridges_report.py::test_missing_and_valid_zero_identifier FAILED [ 25%]
tests/test_ridges_report.py::test_empty_label_is_registered FAILED       [ 50%]
tests/test_ridges_report.py::test_disabled_cross_tenant_order_and_empty_code FAILED [ 75%]
tests/test_ridges_report.py::test_repeated_events_and_quoted_tenant FAILED [100%]

=================================== FAILURES ===================================
____________________ test_missing_and_valid_zero_identifier ____________________

ch = <observatory.chclient.ClickHouse object at 0x75ac6d0fca40>

    def test_missing_and_valid_zero_identifier(ch):
        ch.command("INSERT INTO devices VALUES ('target', 'real-zero', 0, 'normal', 1)")
        ch.command("INSERT INTO events VALUES ('target', 8, 'missing'), ('target', 3, 'real-zero')")
>       assert missing_devices(ch, 'target') == [{'event_id': 8, 'device': 'missing'}]
E       AssertionError: assert [] == [{'device': '...event_id': 8}]
E         
E         Right contains one more item: {'device': 'missing', 'event_id': 8}
E         
E         Full diff:
E         + []
E         - [
E         -     {...
E         
E         ...Full output truncated (4 lines hidden), use '-vv' to show

tests/test_ridges_report.py:7: AssertionError
________________________ test_empty_label_is_registered ________________________

ch = <observatory.chclient.ClickHouse object at 0x75ac6d0fca40>

    def test_empty_label_is_registered(ch):
        ch.command("INSERT INTO devices VALUES ('target', 'blank-label', 90, '', 1)")
        ch.command("INSERT INTO events VALUES ('target', 10, 'absent'), ('target', 2, 'blank-label')")
>       assert missing_devices(ch, 'target') == [{'event_id': 10, 'device': 'absent'}]
E       AssertionError: assert [] == [{'device': '...vent_id': 10}]
E         
E         Right contains one more item: {'device': 'absent', 'event_id': 10}
E         
E         Full diff:
E         + []
E         - [
E         -     {...
E         
E         ...Full output truncated (4 lines hidden), use '-vv' to show

tests/test_ridges_report.py:12: AssertionError
_______________ test_disabled_cross_tenant_order_and_empty_code ________________

ch = <observatory.chclient.ClickHouse object at 0x75ac6d0fca40>

    def test_disabled_cross_tenant_order_and_empty_code(ch):
        ch.command("INSERT INTO devices VALUES ('other', 'cross', 11, 'x', 1), ('target', 'disabled', 7, 'x', 0), ('target', '', 9, '', 1)")
        ch.command("INSERT INTO events VALUES ('target', 40, 'cross'), ('target', 9, 'disabled'), ('target', 12, 'unknown'), ('target', 3, ''), ('other', 1, 'unknown')")
>       assert missing_devices(ch, 'target') == [{'event_id': 9, 'device': 'disabled'}, {'event_id': 12, 'device': 'unknown'}, {'event_id': 40, 'device': 'cross'}]
E       AssertionError: assert [] == [{'device': '...vent_id': 40}]
E         
E         Right contains 3 more items, first extra item: {'device': 'disabled', 'event_id': 9}
E         
E         Full diff:
E         + []
E         - [
E         -     {...
E         
E         ...Full output truncated (12 lines hidden), use '-vv' to show

tests/test_ridges_report.py:17: AssertionError
____________________ test_repeated_events_and_quoted_tenant ____________________

ch = <observatory.chclient.ClickHouse object at 0x75ac6d0fca40>

    def test_repeated_events_and_quoted_tenant(ch):
        ch.insert('events', [{'tenant': "reader's", 'event_id': i, 'device': 'gone'} for i in (5,2)])
>       assert missing_devices(ch, "reader's") == [{'event_id': 2, 'device': 'gone'}, {'event_id': 5, 'device': 'gone'}]
E       AssertionError: assert [] == [{'device': '...event_id': 5}]
E         
E         Right contains 2 more items, first extra item: {'device': 'gone', 'event_id': 2}
E         
E         Full diff:
E         + []
E         - [
E         -     {...
E         
E         ...Full output truncated (8 lines hidden), use '-vv' to show

tests/test_ridges_report.py:21: AssertionError
=========================== short test summary info ============================
FAILED tests/test_ridges_report.py::test_missing_and_valid_zero_identifier - ...
FAILED tests/test_ridges_report.py::test_empty_label_is_registered - Assertio...
FAILED tests/test_ridges_report.py::test_disabled_cross_tenant_order_and_empty_code
FAILED tests/test_ridges_report.py::test_repeated_events_and_quoted_tenant - ...
============================== 4 failed in 0.54s ===============================
============================= test session starts ==============================
platform linux -- Python 3.12.7, pytest-8.3.3, pluggy-1.6.0 -- /usr/local/bin/python3.12
rootdir: /app
configfile: pyproject.toml
plugins: anyio-4.15.1
collecting ... collected 2 items

tests/test_report.py::test_registered_devices_are_not_missing PASSED     [ 50%]
tests/test_report.py::test_empty_tenant PASSED                           [100%]

============================== 2 passed in 0.40s ===============================
All checks passed!
