

<?xml version='1.0' encoding='utf-8'?>
<testsuite name="ch-py-join-defaults" tests="10" failures="2" errors="0" skipped="0"><testcase name="transported_patch_recorded"><system-out>592fb18d6081d2c2369ea5b300dae7f5dcd4827f1e4b8c2242d8ea0e281491aa</system-out></testcase><testcase name="bounded_public_contract"><system-out>None</system-out></testcase><testcase name="source_tree_conservation_before_tests"><failure message="AssertionError: editable source mode changed">AssertionError: editable source mode changed</failure><system-out>AssertionError: editable source mode changed</system-out></testcase><testcase name="python_compilation"><system-out>ok</system-out></testcase><testcase name="ruff_lint"><system-out>0</system-out></testcase><testcase name="clickhouse_application_user_is_bounded"><system-out>["GRANT SELECT(active, database, name, rows, `table`) ON system.parts TO meterline", "GRANT SELECT, INSERT, ALTER, CREATE TABLE, DROP TABLE, TRUNCATE, OPTIMIZE, SYSTEM MERGES ON meterline_dev.* TO meterline", "GRANT SELECT, INSERT, ALTER, CREATE TABLE, DROP TABLE, TRUNCATE, OPTIMIZE, SYSTEM MERGES ON meterline_test.* TO meterline"]</system-out></testcase><testcase name="regression_report_tests"><system-out>{"stdout_sha256": "2ad4c208556742b09489f224bb4abb3ee41eb00a017147d4b9a4b2ddefb8d9a0", "tests": 2}</system-out></testcase><testcase name="hidden_report_semantics"><system-out>{"stdout_sha256": "0dfe98a67322da64e0b6c17b120457f53f3d6d0a98a7ac53b7ede0b2211e6473", "tests": 4}</system-out></testcase><testcase name="source_tree_conservation_after_tests"><failure message="AssertionError: editable source mode changed">AssertionError: editable source mode changed</failure><system-out>AssertionError: editable source mode changed</system-out></testcase><testcase name="database_schema_conservation"><system-out>4907f044f92a808ed4c7ddabc5263cd984e6d0de69b5994bd5b1835b74a18720</system-out></testcase></testsuite>

============================= test session starts ==============================
platform linux -- Python 3.12.7, pytest-8.3.3, pluggy-1.6.0 -- /usr/local/bin/python3.12
rootdir: /app
configfile: pyproject.toml
plugins: anyio-4.15.1
collecting ... collected 4 items

tests/test_ridges_report.py::test_missing_and_valid_zero_identifier PASSED [ 25%]
tests/test_ridges_report.py::test_empty_label_is_registered PASSED       [ 50%]
tests/test_ridges_report.py::test_disabled_cross_tenant_order_and_empty_code PASSED [ 75%]
tests/test_ridges_report.py::test_repeated_events_and_quoted_tenant PASSED [100%]

============================== 4 passed in 0.59s ===============================
============================= test session starts ==============================
platform linux -- Python 3.12.7, pytest-8.3.3, pluggy-1.6.0 -- /usr/local/bin/python3.12
rootdir: /app
configfile: pyproject.toml
plugins: anyio-4.15.1
collecting ... collected 2 items

tests/test_report.py::test_registered_devices_are_not_missing PASSED     [ 50%]
tests/test_report.py::test_empty_tenant PASSED                           [100%]

============================== 2 passed in 0.33s ===============================
All checks passed!
