

<?xml version='1.0' encoding='utf-8'?>
<testsuite name="ch-py-join-defaults" tests="10" failures="2" errors="0" skipped="0"><testcase name="transported_patch_recorded"><system-out>11e251f6af05f021f7f54d61d340aeb1cfa127b14cd9037534dd32c5edd14d87</system-out></testcase><testcase name="bounded_public_contract"><system-out>None</system-out></testcase><testcase name="source_tree_conservation_before_tests"><failure message="AssertionError: source drift: missing=[], added=['observatory/extra_helper.py'], changed=[]">AssertionError: source drift: missing=[], added=['observatory/extra_helper.py'], changed=[]</failure><system-out>AssertionError: source drift: missing=[], added=['observatory/extra_helper.py'], changed=[]</system-out></testcase><testcase name="python_compilation"><system-out>ok</system-out></testcase><testcase name="ruff_lint"><system-out>0</system-out></testcase><testcase name="clickhouse_application_user_is_bounded"><system-out>["GRANT SELECT(active, database, name, rows, `table`) ON system.parts TO meterline", "GRANT SELECT, INSERT, ALTER, CREATE TABLE, DROP TABLE, TRUNCATE, OPTIMIZE, SYSTEM MERGES ON meterline_dev.* TO meterline", "GRANT SELECT, INSERT, ALTER, CREATE TABLE, DROP TABLE, TRUNCATE, OPTIMIZE, SYSTEM MERGES ON meterline_test.* TO meterline"]</system-out></testcase><testcase name="regression_report_tests"><system-out>{"stdout_sha256": "fb6b24ad0151494fab135c9b20942734d9d30cd9852ff0a4c3c98b792d4b0be6", "tests": 2}</system-out></testcase><testcase name="hidden_report_semantics"><system-out>{"stdout_sha256": "babd7124ce1b8e719bf37ae5b8e5e298756f06d433096c91e6acdda5f4e2a484", "tests": 4}</system-out></testcase><testcase name="source_tree_conservation_after_tests"><failure message="AssertionError: source drift: missing=[], added=['observatory/extra_helper.py'], changed=[]">AssertionError: source drift: missing=[], added=['observatory/extra_helper.py'], changed=[]</failure><system-out>AssertionError: source drift: missing=[], added=['observatory/extra_helper.py'], changed=[]</system-out></testcase><testcase name="database_schema_conservation"><system-out>4907f044f92a808ed4c7ddabc5263cd984e6d0de69b5994bd5b1835b74a18720</system-out></testcase></testsuite>

============================= test session starts ==============================
platform linux -- Python 3.12.7, pytest-8.3.3, pluggy-1.6.0 -- /usr/local/bin/python3.12
rootdir: /app
configfile: pyproject.toml
plugins: anyio-4.15.1
collecting ... collected 4 items

tests/test_ridges_report.py::test_missing_and_valid_zero_identifier PASSED [ 25%]
tests/test_ridges_report.py::test_empty_label_is_registered PASSED       [ 50%]
tests/test_ridges_report.py::test_disabled_cross_tenant_order_and_empty_code PASSED [ 75%]
tests/test_ridges_report.py::test_repeated_events_and_quoted_tenant PASSED [100%]

============================== 4 passed in 0.32s ===============================
============================= test session starts ==============================
platform linux -- Python 3.12.7, pytest-8.3.3, pluggy-1.6.0 -- /usr/local/bin/python3.12
rootdir: /app
configfile: pyproject.toml
plugins: anyio-4.15.1
collecting ... collected 2 items

tests/test_report.py::test_registered_devices_are_not_missing PASSED     [ 50%]
tests/test_report.py::test_empty_tenant PASSED                           [100%]

============================== 2 passed in 0.37s ===============================
All checks passed!
