

<?xml version='1.0' encoding='utf-8'?>
<testsuite name="ch-py-join-defaults" tests="10" failures="1" errors="0" skipped="0"><testcase name="transported_patch_recorded"><system-out>ef83d5bf74470ad30420aaf0d04f95036192c6cdc1b346ac8a982800448db605</system-out></testcase><testcase name="bounded_public_contract"><system-out>None</system-out></testcase><testcase name="source_tree_conservation_before_tests"><system-out>be9032ca236e5fa69beaf7ace2feb74fa033e1971c917b83499bc9ea33efc80c</system-out></testcase><testcase name="python_compilation"><system-out>ok</system-out></testcase><testcase name="ruff_lint"><system-out>0</system-out></testcase><testcase name="clickhouse_application_user_is_bounded"><system-out>["GRANT SELECT(active, database, name, rows, `table`) ON system.parts TO meterline", "GRANT SELECT, INSERT, ALTER, CREATE TABLE, DROP TABLE, TRUNCATE, OPTIMIZE, SYSTEM MERGES ON meterline_dev.* TO meterline", "GRANT SELECT, INSERT, ALTER, CREATE TABLE, DROP TABLE, TRUNCATE, OPTIMIZE, SYSTEM MERGES ON meterline_test.* TO meterline"]</system-out></testcase><testcase name="regression_report_tests"><system-out>{"stdout_sha256": "08e31b570ced4bbafa4240f8c50fc8ea27f7dcfbc693ed83e4d29fc310339c0c", "tests": 2}</system-out></testcase><testcase name="hidden_report_semantics"><failure message="AssertionError: test command failed (1); tail============================== test session starts ==============================&#10;platform linux -- Python 3.12.7, pytest-8.3.3, pluggy-1.6.0 -- /usr/local/bin/python3.12&#10;rootdir: /app&#10;configfile: pyproject.toml&#10;plugins: anyio-4.15.1&#10;collecting ... collected 4 items&#10;&#10;tests/test_ridges_report.py::test_missing_and_valid_zero_identifier FAILED [ 25%]&#10;tests/test_ridges_report.py::test_empty_label_is_registered PASSED       [ 50%]&#10;tests/test_ridges_report.py::test_disabled_cross_tenant_order_and_empty_code PASSED [ 75%]&#10;tests/test_ridges_report.py::test_repeated_events_and_quoted_tenant PASSED [100%]&#10;&#10;=================================== FAILURES ===================================&#10;____________________ test_missing_and_valid_zero_identifier ____________________&#10;&#10;ch = &lt;observatory.chclient.ClickHouse object at 0x7fba07e74aa0&gt;&#10;&#10;    def test_missing_and_valid_zero_identifier(ch):&#10;        ch.command(&quot;INSERT INTO devices VALUES ('target', 'real-zero', ">AssertionError: test command failed (1); tail============================== test session starts ==============================
platform linux -- Python 3.12.7, pytest-8.3.3, pluggy-1.6.0 -- /usr/local/bin/python3.12
rootdir: /app
configfile: pyproject.toml
plugins: anyio-4.15.1
collecting ... collected 4 items

tests/test_ridges_report.py::test_missing_and_valid_zero_identifier FAILED [ 25%]
tests/test_ridges_report.py::test_empty_label_is_registered PASSED       [ 50%]
tests/test_ridges_report.py::test_disabled_cross_tenant_order_and_empty_code PASSED [ 75%]
tests/test_ridges_report.py::test_repeated_events_and_quoted_tenant PASSED [100%]

=================================== FAILURES ===================================
____________________ test_missing_and_valid_zero_identifier ____________________

ch = &lt;observatory.chclient.ClickHouse object at 0x7fba07e74aa0&gt;

    def test_missing_and_valid_zero_identifier(ch):
        ch.command("INSERT INTO devices VALUES ('target', 'real-zero', 0, 'normal', 1)")
        ch.command("INSERT INTO events VALUES ('target', 8, 'missing'), ('target', 3, 'real-zero')")
&gt;       assert missing_devices(ch, 'target') == [{'event_id': 8, 'device': 'missing'}]
E       AssertionError: assert [{'device': '...event_id': 8}] == [{'device': '...event_id': 8}]
E         
E         At index 0 diff: {'event_id': 3, 'device': 'real-zero'} != {'event_id': 8, 'device': 'missing'}
E         Left contains one more item: {'device': 'missing', 'event_id': 8}
E         
E         Full diff:
E           [
E         +     {...
E         
E         ...Full output truncated (8 lines hidden), use '-vv' to show

tests/test_ridges_report.py:7: AssertionError
=========================== short test summary info ============================
FAILED tests/test_ridges_report.py::test_missing_and_valid_zero_identifier - ...
========================= 1 failed, 3 passed in 0.46s ==========================
</failure><system-out>AssertionError: test command failed (1); tail============================== test session starts ==============================
platform linux -- Python 3.12.7, pytest-8.3.3, pluggy-1.6.0 -- /usr/local/bin/python3.12
rootdir: /app
configfile: pyproject.toml
plugins: anyio-4.15.1
collecting ... collected 4 items

tests/test_ridges_report.py::test_missing_and_valid_zero_identifier FAILED [ 25%]
tests/test_ridges_report.py::test_empty_label_is_registered PASSED       [ 50%]
tests/test_ridges_report.py::test_disabled_cross_tenant_order_and_empty_code PASSED [ 75%]
tests/test_ridges_report.py::test_repeated_events_and_quoted_tenant PASSED [100%]

=================================== FAILURES ===================================
____________________ test_missing_and_valid_zero_identifier ____________________

ch = &lt;observatory.chclient.ClickHouse object at 0x7fba07e74aa0&gt;

    def test_missing_and_valid_zero_identifier(ch):
        ch.command("INSERT INTO devices VALUES ('target', 'real-zero', 0, 'normal', 1)")
        ch.command("INSERT INTO events VALUES ('target', 8, 'missing'), ('target', 3, 'real-zero')")
&gt;       assert missing_devices(ch, 'target') == [{'event_id': 8, 'device': 'missing'}]
E       AssertionError: assert [{'device': '...event_id': 8}] == [{'device': '...event_id': 8}]
E         
E         At index 0 diff: {'event_id': 3, 'device': 'real-zero'} != {'event_id': 8, 'device': 'missing'}
E         Left contains one more item: {'device': 'missing', 'event_id': 8}
E         
E         Full diff:
E           [
E         +     {...
E         
E         ...Full output truncated (8 lines hidden), use '-vv' to show

tests/test_ridges_report.py:7: AssertionError
=========================== short test summary info ============================
FAILED tests/test_ridges_report.py::test_missing_and_valid_zero_identifier - ...
========================= 1 failed, 3 passed in 0.46s ==========================
</system-out></testcase><testcase name="source_tree_conservation_after_tests"><system-out>be9032ca236e5fa69beaf7ace2feb74fa033e1971c917b83499bc9ea33efc80c</system-out></testcase><testcase name="database_schema_conservation"><system-out>4907f044f92a808ed4c7ddabc5263cd984e6d0de69b5994bd5b1835b74a18720</system-out></testcase></testsuite>

============================= test session starts ==============================
platform linux -- Python 3.12.7, pytest-8.3.3, pluggy-1.6.0 -- /usr/local/bin/python3.12
rootdir: /app
configfile: pyproject.toml
plugins: anyio-4.15.1
collecting ... collected 4 items

tests/test_ridges_report.py::test_missing_and_valid_zero_identifier FAILED [ 25%]
tests/test_ridges_report.py::test_empty_label_is_registered PASSED       [ 50%]
tests/test_ridges_report.py::test_disabled_cross_tenant_order_and_empty_code PASSED [ 75%]
tests/test_ridges_report.py::test_repeated_events_and_quoted_tenant PASSED [100%]

=================================== FAILURES ===================================
____________________ test_missing_and_valid_zero_identifier ____________________

ch = <observatory.chclient.ClickHouse object at 0x7fba07e74aa0>

    def test_missing_and_valid_zero_identifier(ch):
        ch.command("INSERT INTO devices VALUES ('target', 'real-zero', 0, 'normal', 1)")
        ch.command("INSERT INTO events VALUES ('target', 8, 'missing'), ('target', 3, 'real-zero')")
>       assert missing_devices(ch, 'target') == [{'event_id': 8, 'device': 'missing'}]
E       AssertionError: assert [{'device': '...event_id': 8}] == [{'device': '...event_id': 8}]
E         
E         At index 0 diff: {'event_id': 3, 'device': 'real-zero'} != {'event_id': 8, 'device': 'missing'}
E         Left contains one more item: {'device': 'missing', 'event_id': 8}
E         
E         Full diff:
E           [
E         +     {...
E         
E         ...Full output truncated (8 lines hidden), use '-vv' to show

tests/test_ridges_report.py:7: AssertionError
=========================== short test summary info ============================
FAILED tests/test_ridges_report.py::test_missing_and_valid_zero_identifier - ...
========================= 1 failed, 3 passed in 0.46s ==========================
============================= test session starts ==============================
platform linux -- Python 3.12.7, pytest-8.3.3, pluggy-1.6.0 -- /usr/local/bin/python3.12
rootdir: /app
configfile: pyproject.toml
plugins: anyio-4.15.1
collecting ... collected 2 items

tests/test_report.py::test_registered_devices_are_not_missing PASSED     [ 50%]
tests/test_report.py::test_empty_tenant PASSED                           [100%]

============================== 2 passed in 0.53s ===============================
All checks passed!
