

<?xml version='1.0' encoding='utf-8'?>
<testsuite name="py-django-annotate-subquery" tests="7" failures="1"><testcase name="source_tree_conservation_before" /><testcase name="bounded_functions" /><testcase name="bounded_constructs" /><testcase name="ruff_lint" /><testcase name="regression_visible" /><testcase name="hidden_behaviour"><failure message="============================= test session starts ==============================&#10;platform linux -- Python 3.12.7, pytest-8.3.3, pluggy-1.6.0 -- /usr/local/bin/python3.12&#10;rootdir: /app&#10;configfile: pyproject.toml&#10;plugins: anyio-4.15.1&#10;collecting ... collected 4 items&#10;&#10;tests/test_private.py::test_unrelated_annotations_do_not_fan_out FAILED  [ 25%]&#10;tests/test_private.py::test_empty_and_nonmatching_counts_are_integer_zero PASSED [ 50%]&#10;tests/test_private.py::test_boundary_clinic_isolation_ties_and_fresh_state PASSED [ 75%]&#10;tests/test_private.py::test_query_count_is_constant_at_one_and_fifty_doctors FAILED [100%]&#10;&#10;=================================== FAILURES ===================================&#10;__________________ test_unrelated_annotations_do_not_fan_out ___________________&#10;&#10;conn = &lt;django.db.backends.utils.CursorWrapper object at 0x7ff72185c560&gt;&#10;&#10;    def test_unrelated_annotations_do_not_fan_out(conn):&#10;        conn.execute(&quot;INSERT INTO doctors VALUES (1,7,'Alma')&quot;)&#10;        conn.execute(&quot;INSE">============================= test session starts ==============================
platform linux -- Python 3.12.7, pytest-8.3.3, pluggy-1.6.0 -- /usr/local/bin/python3.12
rootdir: /app
configfile: pyproject.toml
plugins: anyio-4.15.1
collecting ... collected 4 items

tests/test_private.py::test_unrelated_annotations_do_not_fan_out FAILED  [ 25%]
tests/test_private.py::test_empty_and_nonmatching_counts_are_integer_zero PASSED [ 50%]
tests/test_private.py::test_boundary_clinic_isolation_ties_and_fresh_state PASSED [ 75%]
tests/test_private.py::test_query_count_is_constant_at_one_and_fifty_doctors FAILED [100%]

=================================== FAILURES ===================================
__________________ test_unrelated_annotations_do_not_fan_out ___________________

conn = &lt;django.db.backends.utils.CursorWrapper object at 0x7ff72185c560&gt;

    def test_unrelated_annotations_do_not_fan_out(conn):
        conn.execute("INSERT INTO doctors VALUES (1,7,'Alma')")
        conn.execute("INSERT INTO sessions VALUES (1,1,30,true),(2,1,45,true),(3,1,90,false)")
        conn.execute("INSERT INTO appointments VALUES (1,1,'2026-02-01','open'),(2,1,'2026-02-02','open'),(3,1,'2026-02-03','cancelled')")
&gt;       assert get_roster(7,NOW)['doctors'] == [{'id':1,'name':'Alma','approved_minutes':75,'open_appointments':2}]
E       AssertionError: assert [{'approved_m...intments': 6}] == [{'approved_m...intments': 2}]
E         
E         At index 0 diff: {'id': 1, 'name': 'Alma', 'approved_minutes': 225, 'open_appointments': 6} != {'id': 1, 'name': 'Alma', 'approved_minutes': 75, 'open_appointments': 2}
E         
E         Full diff:
E           [
E               {
E         -         'approved_minutes': 75,...
E         
E         ...Full output truncated (11 lines hidden), use '-vv' to show

tests/test_private.py:18: AssertionError
____________ test_query_count_is_constant_at_one_and_fifty_doctors _____________

conn = &lt;django.db.backends.utils.CursorWrapper object at 0x7ff71ff66840&gt;

    def test_query_count_is_constant_at_one_and_fifty_doctors(conn):
        for count in [1,50]:
            Appointment.objects.all().delete()
            Session.objects.all().delete()
            Doctor.objects.all().delete()
            Doctor.objects.bulk_create([Doctor(id=i,clinic_id=7,display_name=f'D{i:03}') for i in range(1,count+1)])
            Appointment.objects.bulk_create([Appointment(doctor_id=i,starts_at=NOW,state='open') for i in range(1,count+1) for _ in range(3)])
            Session.objects.bulk_create([Session(doctor_id=i,minutes=20,approved=True) for i in range(1,count+1) for _ in range(2)])
            with CaptureQueriesContext(connection) as queries:
                queryset=doctor_workload(7,NOW)
                assert isinstance(queryset,QuerySet)
                assert not queries.captured_queries
                actual=list(queryset)
            assert len(queries) == 1
            assert len(actual) == count
&gt;           assert all(d.open_appointments==3 and d.approved_minutes==40 for d in actual)
E           assert False
E            +  where False = all(&lt;generator object test_query_count_is_constant_at_one_and_fifty_doctors.&lt;locals&gt;.&lt;genexpr&gt; at 0x7ff71ffa6260&gt;)

tests/test_private.py:60: AssertionError
==================================== PASSES ====================================
=========================== short test summary info ============================
PASSED tests/test_private.py::test_empty_and_nonmatching_counts_are_integer_zero
PASSED tests/test_private.py::test_boundary_clinic_isolation_ties_and_fresh_state
FAILED tests/test_private.py::test_unrelated_annotations_do_not_fan_out - Ass...
FAILED tests/test_private.py::test_query_count_is_constant_at_one_and_fifty_doctors
========================= 2 failed, 2 passed in 1.10s ==========================
</failure></testcase><testcase name="source_tree_conservation_after" /></testsuite>

============================= test session starts ==============================
platform linux -- Python 3.12.7, pytest-8.3.3, pluggy-1.6.0 -- /usr/local/bin/python3.12
rootdir: /app
configfile: pyproject.toml
plugins: anyio-4.15.1
collecting ... collected 4 items

tests/test_private.py::test_unrelated_annotations_do_not_fan_out FAILED  [ 25%]
tests/test_private.py::test_empty_and_nonmatching_counts_are_integer_zero PASSED [ 50%]
tests/test_private.py::test_boundary_clinic_isolation_ties_and_fresh_state PASSED [ 75%]
tests/test_private.py::test_query_count_is_constant_at_one_and_fifty_doctors FAILED [100%]

=================================== FAILURES ===================================
__________________ test_unrelated_annotations_do_not_fan_out ___________________

conn = <django.db.backends.utils.CursorWrapper object at 0x7ff72185c560>

    def test_unrelated_annotations_do_not_fan_out(conn):
        conn.execute("INSERT INTO doctors VALUES (1,7,'Alma')")
        conn.execute("INSERT INTO sessions VALUES (1,1,30,true),(2,1,45,true),(3,1,90,false)")
        conn.execute("INSERT INTO appointments VALUES (1,1,'2026-02-01','open'),(2,1,'2026-02-02','open'),(3,1,'2026-02-03','cancelled')")
>       assert get_roster(7,NOW)['doctors'] == [{'id':1,'name':'Alma','approved_minutes':75,'open_appointments':2}]
E       AssertionError: assert [{'approved_m...intments': 6}] == [{'approved_m...intments': 2}]
E         
E         At index 0 diff: {'id': 1, 'name': 'Alma', 'approved_minutes': 225, 'open_appointments': 6} != {'id': 1, 'name': 'Alma', 'approved_minutes': 75, 'open_appointments': 2}
E         
E         Full diff:
E           [
E               {
E         -         'approved_minutes': 75,...
E         
E         ...Full output truncated (11 lines hidden), use '-vv' to show

tests/test_private.py:18: AssertionError
____________ test_query_count_is_constant_at_one_and_fifty_doctors _____________

conn = <django.db.backends.utils.CursorWrapper object at 0x7ff71ff66840>

    def test_query_count_is_constant_at_one_and_fifty_doctors(conn):
        for count in [1,50]:
            Appointment.objects.all().delete()
            Session.objects.all().delete()
            Doctor.objects.all().delete()
            Doctor.objects.bulk_create([Doctor(id=i,clinic_id=7,display_name=f'D{i:03}') for i in range(1,count+1)])
            Appointment.objects.bulk_create([Appointment(doctor_id=i,starts_at=NOW,state='open') for i in range(1,count+1) for _ in range(3)])
            Session.objects.bulk_create([Session(doctor_id=i,minutes=20,approved=True) for i in range(1,count+1) for _ in range(2)])
            with CaptureQueriesContext(connection) as queries:
                queryset=doctor_workload(7,NOW)
                assert isinstance(queryset,QuerySet)
                assert not queries.captured_queries
                actual=list(queryset)
            assert len(queries) == 1
            assert len(actual) == count
>           assert all(d.open_appointments==3 and d.approved_minutes==40 for d in actual)
E           assert False
E            +  where False = all(<generator object test_query_count_is_constant_at_one_and_fifty_doctors.<locals>.<genexpr> at 0x7ff71ffa6260>)

tests/test_private.py:60: AssertionError
==================================== PASSES ====================================
=========================== short test summary info ============================
PASSED tests/test_private.py::test_empty_and_nonmatching_counts_are_integer_zero
PASSED tests/test_private.py::test_boundary_clinic_isolation_ties_and_fresh_state
FAILED tests/test_private.py::test_unrelated_annotations_do_not_fan_out - Ass...
FAILED tests/test_private.py::test_query_count_is_constant_at_one_and_fifty_doctors
========================= 2 failed, 2 passed in 1.10s ==========================
All checks passed!
============================= test session starts ==============================
platform linux -- Python 3.12.7, pytest-8.3.3, pluggy-1.6.0 -- /usr/local/bin/python3.12
rootdir: /app
configfile: pyproject.toml
plugins: anyio-4.15.1
collecting ... collected 2 items

tests/test_visible.py::test_existing_roster_and_calendar_contracts PASSED [ 50%]
tests/test_visible.py::test_absent_clinic PASSED                         [100%]

==================================== PASSES ====================================
=========================== short test summary info ============================
PASSED tests/test_visible.py::test_existing_roster_and_calendar_contracts
PASSED tests/test_visible.py::test_absent_clinic
============================== 2 passed in 0.23s ===============================
