

<?xml version='1.0' encoding='utf-8'?>
<testsuite name="ch-py-prewhere-orderkey" tests="11" failures="1" errors="0" skipped="0"><testcase name="transported_patch_recorded"><system-out>155870f01760306827fce7ed4f0dd52a856905e556ba2df2130f927587f4d095</system-out></testcase><testcase name="bounded_settled_total_function"><system-out>{"function_sha256": "0e03038857f1874d71aec2c671e86a2a64c6b5b56e47a217be38b6f9efb4ac70"}</system-out></testcase><testcase name="bounded_public_contract"><system-out>None</system-out></testcase><testcase name="source_tree_conservation_before_tests"><system-out>3c385c3283497f94d133a1015cf0ec8f16ab1d29cc4b5bf5faea10580193a05e</system-out></testcase><testcase name="python_compilation"><system-out>ok</system-out></testcase><testcase name="ruff_lint"><system-out>0</system-out></testcase><testcase name="clickhouse_application_user_is_bounded"><system-out>["GRANT SELECT(active, database, name, rows, `table`) ON system.parts TO meterline", "GRANT SELECT, INSERT, ALTER, CREATE TABLE, DROP TABLE, TRUNCATE, OPTIMIZE, SYSTEM MERGES ON meterline_dev.* TO meterline", "GRANT SELECT, INSERT, ALTER, CREATE TABLE, DROP TABLE, TRUNCATE, OPTIMIZE, SYSTEM MERGES ON meterline_test.* TO meterline"]</system-out></testcase><testcase name="regression_report_tests"><system-out>{"stdout_sha256": "38b5261ebd15e799d7f31466c0a41131a3db00e64a291a6e08c4c69fe65d3ee9", "tests": 2}</system-out></testcase><testcase name="hidden_report_semantics"><failure message="AssertionError: test command failed (1); tail============================== test session starts ==============================&#10;platform linux -- Python 3.12.7, pytest-8.3.3, pluggy-1.6.0 -- /usr/local/bin/python3.12&#10;rootdir: /app&#10;configfile: pyproject.toml&#10;plugins: anyio-4.15.1&#10;collecting ... collected 3 items&#10;&#10;tests/test_ridges_report.py::test_filter_status_range_and_tenant PASSED  [ 33%]&#10;tests/test_ridges_report.py::test_primary_key_read_rows_drop_tenfold FAILED [ 66%]&#10;tests/test_ridges_report.py::test_same_tenant_narrow_window PASSED       [100%]&#10;&#10;=================================== FAILURES ===================================&#10;___________________ test_primary_key_read_rows_drop_tenfold ____________________&#10;&#10;ch = &lt;observatory.chclient.ClickHouse object at 0x7f611769d910&gt;&#10;&#10;    def test_primary_key_read_rows_drop_tenfold(ch):&#10;        size = 1048576&#10;        ch.command(f&quot;INSERT INTO events SELECT toUInt32(intDiv(number,8192)), toDateTime('2026-01-01') + (number % 8192), number, if(number">AssertionError: test command failed (1); tail============================== test session starts ==============================
platform linux -- Python 3.12.7, pytest-8.3.3, pluggy-1.6.0 -- /usr/local/bin/python3.12
rootdir: /app
configfile: pyproject.toml
plugins: anyio-4.15.1
collecting ... collected 3 items

tests/test_ridges_report.py::test_filter_status_range_and_tenant PASSED  [ 33%]
tests/test_ridges_report.py::test_primary_key_read_rows_drop_tenfold FAILED [ 66%]
tests/test_ridges_report.py::test_same_tenant_narrow_window PASSED       [100%]

=================================== FAILURES ===================================
___________________ test_primary_key_read_rows_drop_tenfold ____________________

ch = &lt;observatory.chclient.ClickHouse object at 0x7f611769d910&gt;

    def test_primary_key_read_rows_drop_tenfold(ch):
        size = 1048576
        ch.command(f"INSERT INTO events SELECT toUInt32(intDiv(number,8192)), toDateTime('2026-01-01') + (number % 8192), number, if(number % 3 = 0, 'pending', 'settled'), toInt64(number % 17) - 8 FROM numbers({size})")
        ch.command("OPTIMIZE TABLE events FINAL")
        for tenant in (9, 71, 117):
            params = {'tenant': tenant, 'start':'2026-01-01', 'end':'2026-01-02'}
            slow = "SELECT sum(amount) AS total FROM events WHERE cityHash64(tenant_id) = cityHash64({tenant:UInt32}) AND happened &gt;= {start:DateTime} AND happened &lt; {end:DateTime} AND status = 'settled' SETTINGS max_threads=1, use_query_cache=0"
            expected = ch.query(slow, params)
            original_reads = ch.last_statistics['rows_read']
            result, candidate_reads = measured_total(ch, tenant, params['start'], params['end'])
            assert result == expected
            assert original_reads &gt;= size // 2, original_reads
            assert candidate_reads &gt; 0
&gt;           assert candidate_reads * 10 &lt;= original_reads, (candidate_reads, original_reads)
E           AssertionError: (1048576, 1048576)
E           assert (1048576 * 10) &lt;= 1048576

tests/test_ridges_report.py:43: AssertionError
=========================== short test summary info ============================
FAILED tests/test_ridges_report.py::test_primary_key_read_rows_drop_tenfold
========================= 1 failed, 2 passed in 1.96s ==========================
</failure><system-out>AssertionError: test command failed (1); tail============================== test session starts ==============================
platform linux -- Python 3.12.7, pytest-8.3.3, pluggy-1.6.0 -- /usr/local/bin/python3.12
rootdir: /app
configfile: pyproject.toml
plugins: anyio-4.15.1
collecting ... collected 3 items

tests/test_ridges_report.py::test_filter_status_range_and_tenant PASSED  [ 33%]
tests/test_ridges_report.py::test_primary_key_read_rows_drop_tenfold FAILED [ 66%]
tests/test_ridges_report.py::test_same_tenant_narrow_window PASSED       [100%]

=================================== FAILURES ===================================
___________________ test_primary_key_read_rows_drop_tenfold ____________________

ch = &lt;observatory.chclient.ClickHouse object at 0x7f611769d910&gt;

    def test_primary_key_read_rows_drop_tenfold(ch):
        size = 1048576
        ch.command(f"INSERT INTO events SELECT toUInt32(intDiv(number,8192)), toDateTime('2026-01-01') + (number % 8192), number, if(number % 3 = 0, 'pending', 'settled'), toInt64(number % 17) - 8 FROM numbers({size})")
        ch.command("OPTIMIZE TABLE events FINAL")
        for tenant in (9, 71, 117):
            params = {'tenant': tenant, 'start':'2026-01-01', 'end':'2026-01-02'}
            slow = "SELECT sum(amount) AS total FROM events WHERE cityHash64(tenant_id) = cityHash64({tenant:UInt32}) AND happened &gt;= {start:DateTime} AND happened &lt; {end:DateTime} AND status = 'settled' SETTINGS max_threads=1, use_query_cache=0"
            expected = ch.query(slow, params)
            original_reads = ch.last_statistics['rows_read']
            result, candidate_reads = measured_total(ch, tenant, params['start'], params['end'])
            assert result == expected
            assert original_reads &gt;= size // 2, original_reads
            assert candidate_reads &gt; 0
&gt;           assert candidate_reads * 10 &lt;= original_reads, (candidate_reads, original_reads)
E           AssertionError: (1048576, 1048576)
E           assert (1048576 * 10) &lt;= 1048576

tests/test_ridges_report.py:43: AssertionError
=========================== short test summary info ============================
FAILED tests/test_ridges_report.py::test_primary_key_read_rows_drop_tenfold
========================= 1 failed, 2 passed in 1.96s ==========================
</system-out></testcase><testcase name="source_tree_conservation_after_tests"><system-out>3c385c3283497f94d133a1015cf0ec8f16ab1d29cc4b5bf5faea10580193a05e</system-out></testcase><testcase name="database_schema_conservation"><system-out>79d1da844d738bc8c5a726c953ba4ff57342591dda520386e5f4873fada35f2c</system-out></testcase></testsuite>

============================= test session starts ==============================
platform linux -- Python 3.12.7, pytest-8.3.3, pluggy-1.6.0 -- /usr/local/bin/python3.12
rootdir: /app
configfile: pyproject.toml
plugins: anyio-4.15.1
collecting ... collected 3 items

tests/test_ridges_report.py::test_filter_status_range_and_tenant PASSED  [ 33%]
tests/test_ridges_report.py::test_primary_key_read_rows_drop_tenfold FAILED [ 66%]
tests/test_ridges_report.py::test_same_tenant_narrow_window PASSED       [100%]

=================================== FAILURES ===================================
___________________ test_primary_key_read_rows_drop_tenfold ____________________

ch = <observatory.chclient.ClickHouse object at 0x7f611769d910>

    def test_primary_key_read_rows_drop_tenfold(ch):
        size = 1048576
        ch.command(f"INSERT INTO events SELECT toUInt32(intDiv(number,8192)), toDateTime('2026-01-01') + (number % 8192), number, if(number % 3 = 0, 'pending', 'settled'), toInt64(number % 17) - 8 FROM numbers({size})")
        ch.command("OPTIMIZE TABLE events FINAL")
        for tenant in (9, 71, 117):
            params = {'tenant': tenant, 'start':'2026-01-01', 'end':'2026-01-02'}
            slow = "SELECT sum(amount) AS total FROM events WHERE cityHash64(tenant_id) = cityHash64({tenant:UInt32}) AND happened >= {start:DateTime} AND happened < {end:DateTime} AND status = 'settled' SETTINGS max_threads=1, use_query_cache=0"
            expected = ch.query(slow, params)
            original_reads = ch.last_statistics['rows_read']
            result, candidate_reads = measured_total(ch, tenant, params['start'], params['end'])
            assert result == expected
            assert original_reads >= size // 2, original_reads
            assert candidate_reads > 0
>           assert candidate_reads * 10 <= original_reads, (candidate_reads, original_reads)
E           AssertionError: (1048576, 1048576)
E           assert (1048576 * 10) <= 1048576

tests/test_ridges_report.py:43: AssertionError
=========================== short test summary info ============================
FAILED tests/test_ridges_report.py::test_primary_key_read_rows_drop_tenfold
========================= 1 failed, 2 passed in 1.96s ==========================
============================= test session starts ==============================
platform linux -- Python 3.12.7, pytest-8.3.3, pluggy-1.6.0 -- /usr/local/bin/python3.12
rootdir: /app
configfile: pyproject.toml
plugins: anyio-4.15.1
collecting ... collected 2 items

tests/test_report.py::test_small_total PASSED                            [ 50%]
tests/test_report.py::test_missing_tenant PASSED                         [100%]

============================== 2 passed in 0.41s ===============================
All checks passed!
