

<?xml version='1.0' encoding='utf-8'?>
<testsuite name="go-gorm-preload" tests="6" failures="1" errors="0" skipped="0"><testcase name="bounded_function"><system-out>ok</system-out></testcase><testcase name="source_tree_conservation_before_tests"><system-out>a5c507ed664e8806aa1d18471825640dfb8ba6645683dcb06bc3c1aad42b5ba8</system-out></testcase><testcase name="compilation"><system-out>0</system-out></testcase><testcase name="regression_tests"><system-out>ok</system-out></testcase><testcase name="hidden_behavior"><failure message="AssertionError: === RUN   TestHiddenBoundedQueries&#10;    ridges_report_hidden_test.go:23: incomplete orders: {ID:1 Tenant:a Name:customer Orders:[{ID:101 CustomerID:1 Cancelled:false Items:[{ID:1011 OrderID:101 SKU:part} {ID:1012 OrderID:101 SKU:part}]}]}&#10;--- FAIL: TestHiddenBoundedQueries (0.12s)&#10;=== RUN   TestHiddenCompleteGraph&#10;    ridges_report_hidden_test.go:54: complete graph: {ID:1 Tenant:a Name:customer Orders:[{ID:101 CustomerID:1 Cancelled:false Items:[{ID:1011 OrderID:101 SKU:part} {ID:1012 OrderID:101 SKU:part}]}]}&#10;--- FAIL: TestHiddenCompleteGraph (0.17s)&#10;FAIL&#10;FAIL&#09;practice/internal/store&#09;0.314s&#10;FAIL&#10;">AssertionError: === RUN   TestHiddenBoundedQueries
    ridges_report_hidden_test.go:23: incomplete orders: {ID:1 Tenant:a Name:customer Orders:[{ID:101 CustomerID:1 Cancelled:false Items:[{ID:1011 OrderID:101 SKU:part} {ID:1012 OrderID:101 SKU:part}]}]}
--- FAIL: TestHiddenBoundedQueries (0.12s)
=== RUN   TestHiddenCompleteGraph
    ridges_report_hidden_test.go:54: complete graph: {ID:1 Tenant:a Name:customer Orders:[{ID:101 CustomerID:1 Cancelled:false Items:[{ID:1011 OrderID:101 SKU:part} {ID:1012 OrderID:101 SKU:part}]}]}
--- FAIL: TestHiddenCompleteGraph (0.17s)
FAIL
FAIL	practice/internal/store	0.314s
FAIL
</failure><system-out>AssertionError: === RUN   TestHiddenBoundedQueries
    ridges_report_hidden_test.go:23: incomplete orders: {ID:1 Tenant:a Name:customer Orders:[{ID:101 CustomerID:1 Cancelled:false Items:[{ID:1011 OrderID:101 SKU:part} {ID:1012 OrderID:101 SKU:part}]}]}
--- FAIL: TestHiddenBoundedQueries (0.12s)
=== RUN   TestHiddenCompleteGraph
    ridges_report_hidden_test.go:54: complete graph: {ID:1 Tenant:a Name:customer Orders:[{ID:101 CustomerID:1 Cancelled:false Items:[{ID:1011 OrderID:101 SKU:part} {ID:1012 OrderID:101 SKU:part}]}]}
--- FAIL: TestHiddenCompleteGraph (0.17s)
FAIL
FAIL	practice/internal/store	0.314s
FAIL
</system-out></testcase><testcase name="source_tree_conservation_after_tests"><system-out>a5c507ed664e8806aa1d18471825640dfb8ba6645683dcb06bc3c1aad42b5ba8</system-out></testcase></testsuite>

=== RUN   TestVisibleCustomers
--- PASS: TestVisibleCustomers (0.15s)
PASS
ok  	practice/internal/store	0.172s
{"public":{"*Store.Customers":"func(ctx context.Context, tenant string) ([]Customer, error)","Customer":"Customer struct {\n\tID\tint64\t`gorm:\"primaryKey\"`\n\tTenant\tstring\n\tName\tstring\n\tOrders\t[]Order\n}","Item":"Item struct {\n\tID\tint64\t`gorm:\"primaryKey\"`\n\tOrderID\tint64\n\tSKU\tstring\n}","Order":"Order struct {\n\tID\t\tint64\t`gorm:\"primaryKey\"`\n\tCustomerID\tint64\n\tCancelled\tbool\n\tItems\t\t[]Item\n}","Store":"Store struct{ DB *gorm.DB }"},"forbidden":null,"found":1,"start":394,"end":1062,"header":"func (s *Store) Customers(ctx context.Context, tenant string) ([]Customer, error) ","doc":"","calls":{"Find":3,"Order":3,"Where":3,"WithContext":1},"idents":{"Customer":1,"DB":1,"Error":3,"Find":3,"ID":2,"Items":1,"Order":3,"Orders":4,"Where":3,"WithContext":1,"ctx":1,"customers":9,"db":4,"err":9,"i":6,"j":3,"nil":7,"s":1,"tenant":1},"loops":2,"go_stmts":0,"func_lits":0,"nodes":136,"string_lits":["\"tenant = ?\"","\"id\"","\"customer_id = ? AND cancelled = false\"","\"id\"","\"order_id = ?\"","\"id\""],"imports":"import (\n\t\"context\"\n\t\"gorm.io/gorm\"\n)"}
{"public":{"*Store.Customers":"func(ctx context.Context, tenant string) ([]Customer, error)","Customer":"Customer struct {\n\tID\tint64\t`gorm:\"primaryKey\"`\n\tTenant\tstring\n\tName\tstring\n\tOrders\t[]Order\n}","Item":"Item struct {\n\tID\tint64\t`gorm:\"primaryKey\"`\n\tOrderID\tint64\n\tSKU\tstring\n}","Order":"Order struct {\n\tID\t\tint64\t`gorm:\"primaryKey\"`\n\tCustomerID\tint64\n\tCancelled\tbool\n\tItems\t\t[]Item\n}","Store":"Store struct{ DB *gorm.DB }"},"forbidden":null,"found":1,"start":394,"end":813,"header":"func (s *Store) Customers(ctx context.Context, tenant string) ([]Customer, error) ","doc":"","calls":{"Find":1,"Limit":1,"Order":3,"Preload":2,"Where":2,"WithContext":1},"idents":{"Customer":1,"DB":5,"Error":1,"Find":1,"Limit":1,"Order":3,"Preload":2,"Where":2,"WithContext":1,"ctx":1,"customers":3,"db":2,"err":2,"gorm":4,"q":4,"s":1,"tenant":1},"loops":0,"go_stmts":0,"func_lits":2,"nodes":98,"string_lits":["\"tenant = ?\"","\"id\"","\"Orders\"","\"cancelled = false\"","\"id\"","\"Orders.Items\"","\"id\""],"imports":"import (\n\t\"context\"\n\t\"gorm.io/gorm\"\n)"}
=== RUN   TestHiddenBoundedQueries
    ridges_report_hidden_test.go:23: incomplete orders: {ID:1 Tenant:a Name:customer Orders:[{ID:101 CustomerID:1 Cancelled:false Items:[{ID:1011 OrderID:101 SKU:part} {ID:1012 OrderID:101 SKU:part}]}]}
--- FAIL: TestHiddenBoundedQueries (0.12s)
=== RUN   TestHiddenCompleteGraph
    ridges_report_hidden_test.go:54: complete graph: {ID:1 Tenant:a Name:customer Orders:[{ID:101 CustomerID:1 Cancelled:false Items:[{ID:1011 OrderID:101 SKU:part} {ID:1012 OrderID:101 SKU:part}]}]}
--- FAIL: TestHiddenCompleteGraph (0.17s)
FAIL
FAIL	practice/internal/store	0.314s
FAIL
