

<?xml version='1.0' encoding='utf-8'?>
<testsuite name="go-gorm-preload" tests="6" failures="1" errors="0" skipped="0"><testcase name="bounded_function"><system-out>ok</system-out></testcase><testcase name="source_tree_conservation_before_tests"><system-out>fbc4efb5a8fb96eb3c8857c1920720dbb1370da5cbc796922a199e4969263eb6</system-out></testcase><testcase name="compilation"><system-out>0</system-out></testcase><testcase name="regression_tests"><system-out>ok</system-out></testcase><testcase name="hidden_behavior"><failure message="AssertionError: === RUN   TestHiddenBoundedQueries&#10;    ridges_report_hidden_test.go:19: query budget n=1: got 5, want &lt;=3&#10;--- FAIL: TestHiddenBoundedQueries (0.30s)&#10;=== RUN   TestHiddenCompleteGraph&#10;--- PASS: TestHiddenCompleteGraph (0.32s)&#10;FAIL&#10;FAIL&#09;practice/internal/store&#09;0.648s&#10;FAIL&#10;">AssertionError: === RUN   TestHiddenBoundedQueries
    ridges_report_hidden_test.go:19: query budget n=1: got 5, want &lt;=3
--- FAIL: TestHiddenBoundedQueries (0.30s)
=== RUN   TestHiddenCompleteGraph
--- PASS: TestHiddenCompleteGraph (0.32s)
FAIL
FAIL	practice/internal/store	0.648s
FAIL
</failure><system-out>AssertionError: === RUN   TestHiddenBoundedQueries
    ridges_report_hidden_test.go:19: query budget n=1: got 5, want &lt;=3
--- FAIL: TestHiddenBoundedQueries (0.30s)
=== RUN   TestHiddenCompleteGraph
--- PASS: TestHiddenCompleteGraph (0.32s)
FAIL
FAIL	practice/internal/store	0.648s
FAIL
</system-out></testcase><testcase name="source_tree_conservation_after_tests"><system-out>fbc4efb5a8fb96eb3c8857c1920720dbb1370da5cbc796922a199e4969263eb6</system-out></testcase></testsuite>

=== RUN   TestVisibleCustomers
--- PASS: TestVisibleCustomers (0.09s)
PASS
ok  	practice/internal/store	0.106s
{"public":{"*Store.Customers":"func(ctx context.Context, tenant string) ([]Customer, error)","Customer":"Customer struct {\n\tID\tint64\t`gorm:\"primaryKey\"`\n\tTenant\tstring\n\tName\tstring\n\tOrders\t[]Order\n}","Item":"Item struct {\n\tID\tint64\t`gorm:\"primaryKey\"`\n\tOrderID\tint64\n\tSKU\tstring\n}","Order":"Order struct {\n\tID\t\tint64\t`gorm:\"primaryKey\"`\n\tCustomerID\tint64\n\tCancelled\tbool\n\tItems\t\t[]Item\n}","Store":"Store struct{ DB *gorm.DB }"},"forbidden":null,"found":1,"start":394,"end":1062,"header":"func (s *Store) Customers(ctx context.Context, tenant string) ([]Customer, error) ","doc":"","calls":{"Find":3,"Order":3,"Where":3,"WithContext":1},"idents":{"Customer":1,"DB":1,"Error":3,"Find":3,"ID":2,"Items":1,"Order":3,"Orders":4,"Where":3,"WithContext":1,"ctx":1,"customers":9,"db":4,"err":9,"i":6,"j":3,"nil":7,"s":1,"tenant":1},"loops":2,"go_stmts":0,"func_lits":0,"nodes":136,"string_lits":["\"tenant = ?\"","\"id\"","\"customer_id = ? AND cancelled = false\"","\"id\"","\"order_id = ?\"","\"id\""],"imports":"import (\n\t\"context\"\n\t\"gorm.io/gorm\"\n)"}
{"public":{"*Store.Customers":"func(ctx context.Context, tenant string) ([]Customer, error)","Customer":"Customer struct {\n\tID\tint64\t`gorm:\"primaryKey\"`\n\tTenant\tstring\n\tName\tstring\n\tOrders\t[]Order\n}","Item":"Item struct {\n\tID\tint64\t`gorm:\"primaryKey\"`\n\tOrderID\tint64\n\tSKU\tstring\n}","Order":"Order struct {\n\tID\t\tint64\t`gorm:\"primaryKey\"`\n\tCustomerID\tint64\n\tCancelled\tbool\n\tItems\t\t[]Item\n}","Store":"Store struct{ DB *gorm.DB }"},"forbidden":null,"found":1,"start":394,"end":998,"header":"func (s *Store) Customers(ctx context.Context, tenant string) ([]Customer, error) ","doc":"","calls":{"Find":2,"Order":3,"Preload":1,"Where":3,"WithContext":1},"idents":{"Customer":1,"DB":3,"Error":2,"Find":2,"ID":1,"Items":1,"Order":3,"Orders":3,"Preload":1,"Where":3,"WithContext":1,"ctx":1,"customers":7,"db":3,"err":6,"gorm":2,"i":4,"j":3,"nil":5,"q":2,"s":1,"tenant":1},"loops":2,"go_stmts":0,"func_lits":1,"nodes":131,"string_lits":["\"tenant = ?\"","\"id\"","\"Orders\"","\"cancelled = false\"","\"id\"","\"order_id = ?\"","\"id\""],"imports":"import (\n\t\"context\"\n\t\"gorm.io/gorm\"\n)"}
=== RUN   TestHiddenBoundedQueries
    ridges_report_hidden_test.go:19: query budget n=1: got 5, want <=3
--- FAIL: TestHiddenBoundedQueries (0.30s)
=== RUN   TestHiddenCompleteGraph
--- PASS: TestHiddenCompleteGraph (0.32s)
FAIL
FAIL	practice/internal/store	0.648s
FAIL
